1 step (unit is kJ/mol): 
Kinetic Energy: 0.01982431043 Potential Energy: -180137.3273 Total Energy: -180137.3075
----------------------
2 step (unit is kJ/mol): 
Kinetic Energy: 0.07884037255 Potential Energy: -180137.3641 Total Energy: -180137.2853
----------------------
3 step (unit is kJ/mol): 
Kinetic Energy: 0.1758117614 Potential Energy: -180137.4429 Total Energy: -180137.2671
----------------------
4 step (unit is kJ/mol): 
Kinetic Energy: 0.3087167377 Potential Energy: -180137.5592 Total Energy: -180137.2505
----------------------
5 step (unit is kJ/mol): 
Kinetic Energy: 0.4747956683 Potential Energy: -180137.7109 Total Energy: -180137.2361
----------------------
6 step (unit is kJ/mol): 
Kinetic Energy: 0.6706212109 Potential Energy: -180137.8897 Total Energy: -180137.2191
----------------------
7 step (unit is kJ/mol): 
Kinetic Energy: 0.8921594003 Potential Energy: -180138.1003 Total Energy: -180137.2081
----------------------
8 step (unit is kJ/mol): 
Kinetic Energy: 1.134909569 Potential Energy: -180138.3322 Total Energy: -180137.1972
----------------------
9 step (unit is kJ/mol): 
Kinetic Energy: 1.39396096 Potential Energy: -180138.5839 Total Energy: -180137.19
----------------------
10 step (unit is kJ/mol): 
Kinetic Energy: 1.664152934 Potential Energy: -180138.8497 Total Energy: -180137.1855
----------------------
11 step (unit is kJ/mol): 
Kinetic Energy: 1.940168462 Potential Energy: -180139.1235 Total Energy: -180137.1833
----------------------
12 step (unit is kJ/mol): 
Kinetic Energy: 2.075382116 Potential Energy: -180138.1636 Total Energy: -180136.0882
----------------------
13 step (unit is kJ/mol): 
Kinetic Energy: 2.122486594 Potential Energy: -180138.2232 Total Energy: -180136.1007
----------------------
14 step (unit is kJ/mol): 
Kinetic Energy: 2.106134276 Potential Energy: -180138.2195 Total Energy: -180136.1134
----------------------
15 step (unit is kJ/mol): 
Kinetic Energy: 2.093731246 Potential Energy: -180138.207 Total Energy: -180136.1133
----------------------
16 step (unit is kJ/mol): 
Kinetic Energy: 2.085901638 Potential Energy: -180138.1945 Total Energy: -180136.1086
----------------------
17 step (unit is kJ/mol): 
Kinetic Energy: 2.083132839 Potential Energy: -180138.1893 Total Energy: -180136.1062
----------------------
18 step (unit is kJ/mol): 
Kinetic Energy: 2.085741887 Potential Energy: -180138.1893 Total Energy: -180136.1036
----------------------
19 step (unit is kJ/mol): 
Kinetic Energy: 2.093863456 Potential Energy: -180138.1945 Total Energy: -180136.1006
----------------------
20 step (unit is kJ/mol): 
Kinetic Energy: 2.10745535 Potential Energy: -180138.2055 Total Energy: -180136.0981
----------------------
21 step (unit is kJ/mol): 
Kinetic Energy: 2.126309376 Potential Energy: -180138.2225 Total Energy: -180136.0962
----------------------
22 step (unit is kJ/mol): 
Kinetic Energy: 2.150048914 Potential Energy: -180138.2423 Total Energy: -180136.0923
----------------------
23 step (unit is kJ/mol): 
Kinetic Energy: 2.178127784 Potential Energy: -180138.2681 Total Energy: -180136.09
----------------------
24 step (unit is kJ/mol): 
Kinetic Energy: 2.209900443 Potential Energy: -180138.2976 Total Energy: -180136.0877
----------------------
25 step (unit is kJ/mol): 
Kinetic Energy: 2.244618348 Potential Energy: -180138.3329 Total Energy: -180136.0883
----------------------
26 step (unit is kJ/mol): 
Kinetic Energy: 2.281447108 Potential Energy: -180138.3668 Total Energy: -180136.0853
----------------------
27 step (unit is kJ/mol): 
Kinetic Energy: 2.319515602 Potential Energy: -180138.405 Total Energy: -180136.0855
----------------------
28 step (unit is kJ/mol): 
Kinetic Energy: 2.357930202 Potential Energy: -180138.4433 Total Energy: -180136.0854
----------------------
29 step (unit is kJ/mol): 
Kinetic Energy: 2.395798913 Potential Energy: -180138.4816 Total Energy: -180136.0858
----------------------
30 step (unit is kJ/mol): 
Kinetic Energy: 2.368297944 Potential Energy: -180138.4838 Total Energy: -180136.1155
----------------------
31 step (unit is kJ/mol): 
Kinetic Energy: 2.336451155 Potential Energy: -180138.4558 Total Energy: -180136.1194
----------------------
32 step (unit is kJ/mol): 
Kinetic Energy: 2.300675424 Potential Energy: -180138.422 Total Energy: -180136.1213
----------------------
33 step (unit is kJ/mol): 
Kinetic Energy: 2.261475903 Potential Energy: -180138.3859 Total Energy: -180136.1244
----------------------
34 step (unit is kJ/mol): 
Kinetic Energy: 2.162769252 Potential Energy: -180139.5439 Total Energy: -180137.3811
----------------------
35 step (unit is kJ/mol): 
Kinetic Energy: 1.991708927 Potential Energy: -180139.415 Total Energy: -180137.4233
----------------------
36 step (unit is kJ/mol): 
Kinetic Energy: 1.8223841 Potential Energy: -180139.2442 Total Energy: -180137.4219
----------------------
37 step (unit is kJ/mol): 
Kinetic Energy: 1.578632715 Potential Energy: -180139.0757 Total Energy: -180137.497
----------------------
38 step (unit is kJ/mol): 
Kinetic Energy: 1.34334832 Potential Energy: -180138.8357 Total Energy: -180137.4923
----------------------
39 step (unit is kJ/mol): 
Kinetic Energy: 1.120280171 Potential Energy: -180138.6053 Total Energy: -180137.485
----------------------
40 step (unit is kJ/mol): 
Kinetic Energy: 0.9129686135 Potential Energy: -180138.3896 Total Energy: -180137.4766
----------------------
41 step (unit is kJ/mol): 
Kinetic Energy: 0.7246512522 Potential Energy: -180138.1908 Total Energy: -180137.4662
----------------------
42 step (unit is kJ/mol): 
Kinetic Energy: 0.5582342211 Potential Energy: -180138.0134 Total Energy: -180137.4552
----------------------
43 step (unit is kJ/mol): 
Kinetic Energy: 0.4162567014 Potential Energy: -180137.8596 Total Energy: -180137.4433
----------------------
44 step (unit is kJ/mol): 
Kinetic Energy: 0.3008609673 Potential Energy: -180137.7315 Total Energy: -180137.4306
----------------------
45 step (unit is kJ/mol): 
Kinetic Energy: 0.2137637945 Potential Energy: -180137.6269 Total Energy: -180137.4132
----------------------
46 step (unit is kJ/mol): 
Kinetic Energy: 0.1562505202 Potential Energy: -180137.5563 Total Energy: -180137.4
----------------------
47 step (unit is kJ/mol): 
Kinetic Energy: 0.1291575567 Potential Energy: -180137.5136 Total Energy: -180137.3844
----------------------
48 step (unit is kJ/mol): 
Kinetic Energy: 0.1328592828 Potential Energy: -180137.5025 Total Energy: -180137.3697
----------------------
49 step (unit is kJ/mol): 
Kinetic Energy: 0.1672724788 Potential Energy: -180137.5217 Total Energy: -180137.3544
----------------------
50 step (unit is kJ/mol): 
Kinetic Energy: 0.2318532627 Potential Energy: -180137.5702 Total Energy: -180137.3384
----------------------
51 step (unit is kJ/mol): 
Kinetic Energy: 0.3256092935 Potential Energy: -180137.6527 Total Energy: -180137.3271
----------------------
52 step (unit is kJ/mol): 
Kinetic Energy: 0.4471015801 Potential Energy: -180137.7594 Total Energy: -180137.3123
----------------------
53 step (unit is kJ/mol): 
Kinetic Energy: 0.5944689727 Potential Energy: -180137.8919 Total Energy: -180137.2975
----------------------
54 step (unit is kJ/mol): 
Kinetic Energy: 0.7654445434 Potential Energy: -180138.0502 Total Energy: -180137.2848
----------------------
55 step (unit is kJ/mol): 
Kinetic Energy: 0.9573849446 Potential Energy: -180138.235 Total Energy: -180137.2776
----------------------
56 step (unit is kJ/mol): 
Kinetic Energy: 1.167294647 Potential Energy: -180138.4345 Total Energy: -180137.2672
----------------------
57 step (unit is kJ/mol): 
Kinetic Energy: 1.336432515 Potential Energy: -180137.4024 Total Energy: -180136.066
----------------------
58 step (unit is kJ/mol): 
Kinetic Energy: 1.517935724 Potential Energy: -180137.5769 Total Energy: -180136.0589
----------------------
59 step (unit is kJ/mol): 
Kinetic Energy: 1.578715246 Potential Energy: -180137.6748 Total Energy: -180136.0961
----------------------
60 step (unit is kJ/mol): 
Kinetic Energy: 1.651485515 Potential Energy: -180137.741 Total Energy: -180136.0895
----------------------
61 step (unit is kJ/mol): 
Kinetic Energy: 1.735149164 Potential Energy: -180137.8198 Total Energy: -180136.0847
----------------------
62 step (unit is kJ/mol): 
Kinetic Energy: 1.753717181 Potential Energy: -180137.9052 Total Energy: -180136.1515
----------------------
63 step (unit is kJ/mol): 
Kinetic Energy: 1.781367344 Potential Energy: -180137.9273 Total Energy: -180136.1459
----------------------
64 step (unit is kJ/mol): 
Kinetic Energy: 1.817836543 Potential Energy: -180137.9604 Total Energy: -180136.1426
----------------------
65 step (unit is kJ/mol): 
Kinetic Energy: 1.862787677 Potential Energy: -180138.0009 Total Energy: -180136.1381
----------------------
66 step (unit is kJ/mol): 
Kinetic Energy: 1.915743292 Potential Energy: -180138.051 Total Energy: -180136.1352
----------------------
67 step (unit is kJ/mol): 
Kinetic Energy: 1.976108112 Potential Energy: -180138.1062 Total Energy: -180136.1301
----------------------
68 step (unit is kJ/mol): 
Kinetic Energy: 2.043145028 Potential Energy: -180138.1724 Total Energy: -180136.1293
----------------------
69 step (unit is kJ/mol): 
Kinetic Energy: 2.115997158 Potential Energy: -180138.2401 Total Energy: -180136.1241
----------------------
70 step (unit is kJ/mol): 
Kinetic Energy: 2.193663839 Potential Energy: -180138.3152 Total Energy: -180136.1216
----------------------
71 step (unit is kJ/mol): 
Kinetic Energy: 2.275037183 Potential Energy: -180138.3947 Total Energy: -180136.1197
----------------------
72 step (unit is kJ/mol): 
Kinetic Energy: 2.358873656 Potential Energy: -180138.4772 Total Energy: -180136.1183
----------------------
73 step (unit is kJ/mol): 
Kinetic Energy: 2.443837887 Potential Energy: -180138.5633 Total Energy: -180136.1195
----------------------
74 step (unit is kJ/mol): 
Kinetic Energy: 2.528473755 Potential Energy: -180138.6494 Total Energy: -180136.121
----------------------
75 step (unit is kJ/mol): 
Kinetic Energy: 2.61125077 Potential Energy: -180138.7319 Total Energy: -180136.1206
----------------------
76 step (unit is kJ/mol): 
Kinetic Energy: 2.622336619 Potential Energy: -180138.7628 Total Energy: -180136.1405
----------------------
77 step (unit is kJ/mol): 
Kinetic Energy: 2.625415368 Potential Energy: -180138.7724 Total Energy: -180136.147
----------------------
78 step (unit is kJ/mol): 
Kinetic Energy: 2.62018587 Potential Energy: -180138.7709 Total Energy: -180136.1507
----------------------
79 step (unit is kJ/mol): 
Kinetic Energy: 2.546239452 Potential Energy: -180139.9215 Total Energy: -180137.3753
----------------------
80 step (unit is kJ/mol): 
Kinetic Energy: 2.464868028 Potential Energy: -180139.8449 Total Energy: -180137.3801
----------------------
81 step (unit is kJ/mol): 
Kinetic Energy: 2.377351928 Potential Energy: -180139.7581 Total Energy: -180137.3807
----------------------
82 step (unit is kJ/mol): 
Kinetic Energy: 2.206466729 Potential Energy: -180139.6484 Total Energy: -180137.4419
----------------------
83 step (unit is kJ/mol): 
Kinetic Energy: 2.033403036 Potential Energy: -180139.4754 Total Energy: -180137.442
----------------------
84 step (unit is kJ/mol): 
Kinetic Energy: 1.861302594 Potential Energy: -180139.2995 Total Energy: -180137.4382
----------------------
85 step (unit is kJ/mol): 
Kinetic Energy: 1.693383297 Potential Energy: -180139.1316 Total Energy: -180137.4382
----------------------
86 step (unit is kJ/mol): 
Kinetic Energy: 1.450749414 Potential Energy: -180138.8865 Total Energy: -180137.4357
----------------------
87 step (unit is kJ/mol): 
Kinetic Energy: 1.220249812 Potential Energy: -180138.6502 Total Energy: -180137.4299
----------------------
88 step (unit is kJ/mol): 
Kinetic Energy: 1.006426464 Potential Energy: -180138.4301 Total Energy: -180137.4236
----------------------
89 step (unit is kJ/mol): 
Kinetic Energy: 0.8135467229 Potential Energy: -180138.2262 Total Energy: -180137.4126
----------------------
90 step (unit is kJ/mol): 
Kinetic Energy: 0.6454667475 Potential Energy: -180138.0414 Total Energy: -180137.3959
----------------------
91 step (unit is kJ/mol): 
Kinetic Energy: 0.5055715183 Potential Energy: -180137.8905 Total Energy: -180137.3849
----------------------
92 step (unit is kJ/mol): 
Kinetic Energy: 0.3966485334 Potential Energy: -180137.7646 Total Energy: -180137.3679
----------------------
93 step (unit is kJ/mol): 
Kinetic Energy: 0.3208533807 Potential Energy: -180137.6718 Total Energy: -180137.351
----------------------
94 step (unit is kJ/mol): 
Kinetic Energy: 0.2796350957 Potential Energy: -180137.6115 Total Energy: -180137.3318
----------------------
95 step (unit is kJ/mol): 
Kinetic Energy: 0.2737261017 Potential Energy: -180137.5909 Total Energy: -180137.3171
----------------------
96 step (unit is kJ/mol): 
Kinetic Energy: 0.303109204 Potential Energy: -180137.5997 Total Energy: -180137.2966
----------------------
97 step (unit is kJ/mol): 
Kinetic Energy: 0.3670200741 Potential Energy: -180137.6475 Total Energy: -180137.2805
----------------------
98 step (unit is kJ/mol): 
Kinetic Energy: 0.4639789153 Potential Energy: -180137.7293 Total Energy: -180137.2653
----------------------
99 step (unit is kJ/mol): 
Kinetic Energy: 0.5918262627 Potential Energy: -180137.8412 Total Energy: -180137.2493
----------------------
100 step (unit is kJ/mol): 
Kinetic Energy: 0.7477705284 Potential Energy: -180137.9854 Total Energy: -180137.2377
----------------------
101 step (unit is kJ/mol): 
Kinetic Energy: 0.8664175149 Potential Energy: -180136.9239 Total Energy: -180136.0575
----------------------
102 step (unit is kJ/mol): 
Kinetic Energy: 1.007428938 Potential Energy: -180137.0557 Total Energy: -180136.0483
----------------------
103 step (unit is kJ/mol): 
Kinetic Energy: 1.097043258 Potential Energy: -180137.1749 Total Energy: -180136.0779
----------------------
104 step (unit is kJ/mol): 
Kinetic Energy: 1.130806827 Potential Energy: -180137.2567 Total Energy: -180136.1258
----------------------
105 step (unit is kJ/mol): 
Kinetic Energy: 1.186097158 Potential Energy: -180137.3023 Total Energy: -180136.1162
----------------------
106 step (unit is kJ/mol): 
Kinetic Energy: 1.262000832 Potential Energy: -180137.37 Total Energy: -180136.108
----------------------
107 step (unit is kJ/mol): 
Kinetic Energy: 1.357268145 Potential Energy: -180137.4547 Total Energy: -180136.0974
----------------------
108 step (unit is kJ/mol): 
Kinetic Energy: 1.470227955 Potential Energy: -180137.5607 Total Energy: -180136.0905
----------------------
109 step (unit is kJ/mol): 
Kinetic Energy: 1.512876002 Potential Energy: -180137.6048 Total Energy: -180136.092
----------------------
110 step (unit is kJ/mol): 
Kinetic Energy: 1.571498542 Potential Energy: -180137.6527 Total Energy: -180136.0812
----------------------
111 step (unit is kJ/mol): 
Kinetic Energy: 1.645156136 Potential Energy: -180137.7204 Total Energy: -180136.0753
----------------------
112 step (unit is kJ/mol): 
Kinetic Energy: 1.732612723 Potential Energy: -180137.8014 Total Energy: -180136.0688
----------------------
113 step (unit is kJ/mol): 
Kinetic Energy: 1.832320173 Potential Energy: -180137.8942 Total Energy: -180136.0618
----------------------
114 step (unit is kJ/mol): 
Kinetic Energy: 1.942444578 Potential Energy: -180138.0002 Total Energy: -180136.0577
----------------------
115 step (unit is kJ/mol): 
Kinetic Energy: 2.060905579 Potential Energy: -180138.1157 Total Energy: -180136.0548
----------------------
116 step (unit is kJ/mol): 
Kinetic Energy: 2.185450345 Potential Energy: -180138.2365 Total Energy: -180136.051
----------------------
117 step (unit is kJ/mol): 
Kinetic Energy: 2.313675407 Potential Energy: -180138.3623 Total Energy: -180136.0487
----------------------
118 step (unit is kJ/mol): 
Kinetic Energy: 2.44310021 Potential Energy: -180138.4897 Total Energy: -180136.0466
----------------------
119 step (unit is kJ/mol): 
Kinetic Energy: 2.571220704 Potential Energy: -180138.6229 Total Energy: -180136.0517
----------------------
120 step (unit is kJ/mol): 
Kinetic Energy: 2.623741112 Potential Energy: -180138.6951 Total Energy: -180136.0713
----------------------
121 step (unit is kJ/mol): 
Kinetic Energy: 2.668250482 Potential Energy: -180138.7451 Total Energy: -180136.0769
----------------------
122 step (unit is kJ/mol): 
Kinetic Energy: 2.703869418 Potential Energy: -180138.7842 Total Energy: -180136.0803
----------------------
123 step (unit is kJ/mol): 
Kinetic Energy: 2.669940273 Potential Energy: -180139.9774 Total Energy: -180137.3075
----------------------
124 step (unit is kJ/mol): 
Kinetic Energy: 2.627229947 Potential Energy: -180139.9399 Total Energy: -180137.3127
----------------------
125 step (unit is kJ/mol): 
Kinetic Energy: 2.576478526 Potential Energy: -180139.8891 Total Energy: -180137.3126
----------------------
126 step (unit is kJ/mol): 
Kinetic Energy: 2.450041569 Potential Energy: -180139.8258 Total Energy: -180137.3758
----------------------
127 step (unit is kJ/mol): 
Kinetic Energy: 2.318900516 Potential Energy: -180139.697 Total Energy: -180137.3781
----------------------
128 step (unit is kJ/mol): 
Kinetic Energy: 2.185257649 Potential Energy: -180139.563 Total Energy: -180137.3777
----------------------
129 step (unit is kJ/mol): 
Kinetic Energy: 2.051353572 Potential Energy: -180139.4312 Total Energy: -180137.3799
----------------------
130 step (unit is kJ/mol): 
Kinetic Energy: 1.919403201 Potential Energy: -180139.2936 Total Energy: -180137.3742
----------------------
131 step (unit is kJ/mol): 
Kinetic Energy: 1.791552657 Potential Energy: -180139.1662 Total Energy: -180137.3747
----------------------
132 step (unit is kJ/mol): 
Kinetic Energy: 1.669833163 Potential Energy: -180139.0418 Total Energy: -180137.372
----------------------
133 step (unit is kJ/mol): 
Kinetic Energy: 1.477024652 Potential Energy: -180138.9064 Total Energy: -180137.4293
----------------------
134 step (unit is kJ/mol): 
Kinetic Energy: 1.295465949 Potential Energy: -180138.7186 Total Energy: -180137.4232
----------------------
135 step (unit is kJ/mol): 
Kinetic Energy: 1.127961347 Potential Energy: -180138.5486 Total Energy: -180137.4206
----------------------
136 step (unit is kJ/mol): 
Kinetic Energy: 0.9770838379 Potential Energy: -180138.3859 Total Energy: -180137.4088
----------------------
137 step (unit is kJ/mol): 
Kinetic Energy: 0.8451272246 Potential Energy: -180138.2438 Total Energy: -180137.3987
----------------------
138 step (unit is kJ/mol): 
Kinetic Energy: 0.7340485292 Potential Energy: -180138.1216 Total Energy: -180137.3876
----------------------
139 step (unit is kJ/mol): 
Kinetic Energy: 0.6454713639 Potential Energy: -180138.0245 Total Energy: -180137.379
----------------------
140 step (unit is kJ/mol): 
Kinetic Energy: 0.5806690402 Potential Energy: -180137.9457 Total Energy: -180137.365
----------------------
141 step (unit is kJ/mol): 
Kinetic Energy: 0.5405301241 Potential Energy: -180137.8942 Total Energy: -180137.3536
----------------------
142 step (unit is kJ/mol): 
Kinetic Energy: 0.5255866157 Potential Energy: -180137.8669 Total Energy: -180137.3413
----------------------
143 step (unit is kJ/mol): 
Kinetic Energy: 0.5359779003 Potential Energy: -180137.8632 Total Energy: -180137.3273
----------------------
144 step (unit is kJ/mol): 
Kinetic Energy: 0.5714740169 Potential Energy: -180137.8846 Total Energy: -180137.3131
----------------------
145 step (unit is kJ/mol): 
Kinetic Energy: 0.6314676011 Potential Energy: -180137.9346 Total Energy: -180137.3032
----------------------
146 step (unit is kJ/mol): 
Kinetic Energy: 0.7149759795 Potential Energy: -180138.0053 Total Energy: -180137.2903
----------------------
147 step (unit is kJ/mol): 
Kinetic Energy: 0.7591083562 Potential Energy: -180136.8105 Total Energy: -180136.0514
----------------------
148 step (unit is kJ/mol): 
Kinetic Energy: 0.8255435771 Potential Energy: -180136.868 Total Energy: -180136.0424
----------------------
149 step (unit is kJ/mol): 
Kinetic Energy: 0.8474936502 Potential Energy: -180136.8915 Total Energy: -180136.044
----------------------
150 step (unit is kJ/mol): 
Kinetic Energy: 0.8264817346 Potential Energy: -180136.8871 Total Energy: -180136.0606
----------------------
151 step (unit is kJ/mol): 
Kinetic Energy: 0.8305128497 Potential Energy: -180136.8805 Total Energy: -180136.05
----------------------
152 step (unit is kJ/mol): 
Kinetic Energy: 0.8596410175 Potential Energy: -180136.8952 Total Energy: -180136.0356
----------------------
153 step (unit is kJ/mol): 
Kinetic Energy: 0.9135843454 Potential Energy: -180136.9372 Total Energy: -180136.0236
----------------------
154 step (unit is kJ/mol): 
Kinetic Energy: 0.9916781853 Potential Energy: -180137.0034 Total Energy: -180136.0117
----------------------
155 step (unit is kJ/mol): 
Kinetic Energy: 1.092891979 Potential Energy: -180137.0925 Total Energy: -180135.9996
----------------------
156 step (unit is kJ/mol): 
Kinetic Energy: 1.215819447 Potential Energy: -180137.2036 Total Energy: -180135.9878
----------------------
157 step (unit is kJ/mol): 
Kinetic Energy: 1.358711792 Potential Energy: -180137.3406 Total Energy: -180135.9819
----------------------
158 step (unit is kJ/mol): 
Kinetic Energy: 1.443702432 Potential Energy: -180137.4893 Total Energy: -180136.0456
----------------------
159 step (unit is kJ/mol): 
Kinetic Energy: 1.544914062 Potential Energy: -180137.582 Total Energy: -180136.0371
----------------------
160 step (unit is kJ/mol): 
Kinetic Energy: 1.660938164 Potential Energy: -180137.6917 Total Energy: -180136.0308
----------------------
161 step (unit is kJ/mol): 
Kinetic Energy: 1.790161555 Potential Energy: -180137.8124 Total Energy: -180136.0223
----------------------
162 step (unit is kJ/mol): 
Kinetic Energy: 1.930738656 Potential Energy: -180137.9479 Total Energy: -180136.0172
----------------------
163 step (unit is kJ/mol): 
Kinetic Energy: 2.080600476 Potential Energy: -180138.0936 Total Energy: -180136.013
----------------------
164 step (unit is kJ/mol): 
Kinetic Energy: 2.237472431 Potential Energy: -180138.2475 Total Energy: -180136.01
----------------------
165 step (unit is kJ/mol): 
Kinetic Energy: 2.398908798 Potential Energy: -180138.408 Total Energy: -180136.0091
----------------------
166 step (unit is kJ/mol): 
Kinetic Energy: 2.562337954 Potential Energy: -180138.5707 Total Energy: -180136.0083
----------------------
167 step (unit is kJ/mol): 
Kinetic Energy: 2.725066374 Potential Energy: -180138.7326 Total Energy: -180136.0076
----------------------
168 step (unit is kJ/mol): 
Kinetic Energy: 2.815301037 Potential Energy: -180138.8894 Total Energy: -180136.0741
----------------------
169 step (unit is kJ/mol): 
Kinetic Energy: 2.896040976 Potential Energy: -180138.9741 Total Energy: -180136.078
----------------------
170 step (unit is kJ/mol): 
Kinetic Energy: 2.90035444 Potential Energy: -180140.2542 Total Energy: -180137.3539
----------------------
171 step (unit is kJ/mol): 
Kinetic Energy: 2.823588653 Potential Energy: -180140.252 Total Energy: -180137.4284
----------------------
172 step (unit is kJ/mol): 
Kinetic Energy: 2.735723869 Potential Energy: -180140.1688 Total Energy: -180137.4331
----------------------
173 step (unit is kJ/mol): 
Kinetic Energy: 2.638357255 Potential Energy: -180140.0761 Total Energy: -180137.4377
----------------------
174 step (unit is kJ/mol): 
Kinetic Energy: 2.533320977 Potential Energy: -180139.973 Total Energy: -180137.4397
----------------------
175 step (unit is kJ/mol): 
Kinetic Energy: 2.422590538 Potential Energy: -180139.8655 Total Energy: -180137.443
----------------------
176 step (unit is kJ/mol): 
Kinetic Energy: 2.308267171 Potential Energy: -180139.7522 Total Energy: -180137.4439
----------------------
177 step (unit is kJ/mol): 
Kinetic Energy: 2.192491406 Potential Energy: -180139.6381 Total Energy: -180137.4456
----------------------
178 step (unit is kJ/mol): 
Kinetic Energy: 2.077442716 Potential Energy: -180139.5225 Total Energy: -180137.4451
----------------------
179 step (unit is kJ/mol): 
Kinetic Energy: 1.965288066 Potential Energy: -180139.4091 Total Energy: -180137.4439
----------------------
180 step (unit is kJ/mol): 
Kinetic Energy: 1.858123263 Potential Energy: -180139.298 Total Energy: -180137.4399
----------------------
181 step (unit is kJ/mol): 
Kinetic Energy: 1.757910841 Potential Energy: -180139.1971 Total Energy: -180137.4392
----------------------
182 step (unit is kJ/mol): 
Kinetic Energy: 1.58475821 Potential Energy: -180139.0389 Total Energy: -180137.4541
----------------------
183 step (unit is kJ/mol): 
Kinetic Energy: 1.423590702 Potential Energy: -180138.8718 Total Energy: -180137.4482
----------------------
184 step (unit is kJ/mol): 
Kinetic Energy: 1.277514585 Potential Energy: -180138.7179 Total Energy: -180137.4404
----------------------
185 step (unit is kJ/mol): 
Kinetic Energy: 1.149331031 Potential Energy: -180138.5795 Total Energy: -180137.4302
----------------------
186 step (unit is kJ/mol): 
Kinetic Energy: 1.041496769 Potential Energy: -180138.461 Total Energy: -180137.4195
----------------------
187 step (unit is kJ/mol): 
Kinetic Energy: 0.9560604115 Potential Energy: -180138.366 Total Energy: -180137.41
----------------------
188 step (unit is kJ/mol): 
Kinetic Energy: 0.8945802028 Potential Energy: -180138.2917 Total Energy: -180137.3971
----------------------
189 step (unit is kJ/mol): 
Kinetic Energy: 0.8581246854 Potential Energy: -180138.2423 Total Energy: -180137.3842
----------------------
190 step (unit is kJ/mol): 
Kinetic Energy: 0.8472250546 Potential Energy: -180138.2181 Total Energy: -180137.3708
----------------------
191 step (unit is kJ/mol): 
Kinetic Energy: 0.8618897773 Potential Energy: -180138.2195 Total Energy: -180137.3576
----------------------
192 step (unit is kJ/mol): 
Kinetic Energy: 0.8315561846 Potential Energy: -180138.2203 Total Energy: -180137.3887
----------------------
193 step (unit is kJ/mol): 
Kinetic Energy: 0.8266526171 Potential Energy: -180138.2041 Total Energy: -180137.3774
----------------------
194 step (unit is kJ/mol): 
Kinetic Energy: 0.78078129 Potential Energy: -180136.9622 Total Energy: -180136.1814
----------------------
195 step (unit is kJ/mol): 
Kinetic Energy: 0.7615027804 Potential Energy: -180136.9269 Total Energy: -180136.1654
----------------------
196 step (unit is kJ/mol): 
Kinetic Energy: 0.6978598168 Potential Energy: -180136.9055 Total Energy: -180136.2077
----------------------
197 step (unit is kJ/mol): 
Kinetic Energy: 0.6662979558 Potential Energy: -180136.8562 Total Energy: -180136.1899
----------------------
198 step (unit is kJ/mol): 
Kinetic Energy: 0.6675114498 Potential Energy: -180136.8451 Total Energy: -180136.1776
----------------------
199 step (unit is kJ/mol): 
Kinetic Energy: 0.7015606027 Potential Energy: -180136.8591 Total Energy: -180136.1576
----------------------
200 step (unit is kJ/mol): 
Kinetic Energy: 0.7678540877 Potential Energy: -180136.9099 Total Energy: -180136.1421
----------------------
201 step (unit is kJ/mol): 
Kinetic Energy: 0.8651330249 Potential Energy: -180136.9924 Total Energy: -180136.1272
----------------------
202 step (unit is kJ/mol): 
Kinetic Energy: 0.991526089 Potential Energy: -180137.1028 Total Energy: -180136.1113
----------------------
203 step (unit is kJ/mol): 
Kinetic Energy: 1.144570383 Potential Energy: -180137.2463 Total Energy: -180136.1018
----------------------
204 step (unit is kJ/mol): 
Kinetic Energy: 1.321283319 Potential Energy: -180137.4127 Total Energy: -180136.0914
----------------------
205 step (unit is kJ/mol): 
Kinetic Energy: 1.433812986 Potential Energy: -180137.5224 Total Energy: -180136.0886
----------------------
206 step (unit is kJ/mol): 
Kinetic Energy: 1.565293023 Potential Energy: -180137.6453 Total Energy: -180136.08
----------------------
207 step (unit is kJ/mol): 
Kinetic Energy: 1.713226597 Potential Energy: -180137.7867 Total Energy: -180136.0734
----------------------
208 step (unit is kJ/mol): 
Kinetic Energy: 1.874835043 Potential Energy: -180137.9413 Total Energy: -180136.0664
----------------------
209 step (unit is kJ/mol): 
Kinetic Energy: 2.04705706 Potential Energy: -180138.1076 Total Energy: -180136.0606
----------------------
210 step (unit is kJ/mol): 
Kinetic Energy: 2.226633544 Potential Energy: -180138.2858 Total Energy: -180136.0591
----------------------
211 step (unit is kJ/mol): 
Kinetic Energy: 2.410176681 Potential Energy: -180138.4654 Total Energy: -180136.0552
----------------------
212 step (unit is kJ/mol): 
Kinetic Energy: 2.530322802 Potential Energy: -180138.645 Total Energy: -180136.1147
----------------------
213 step (unit is kJ/mol): 
Kinetic Energy: 2.57680462 Potential Energy: -180138.7113 Total Energy: -180136.1345
----------------------
214 step (unit is kJ/mol): 
Kinetic Energy: 2.617738029 Potential Energy: -180138.7547 Total Energy: -180136.137
----------------------
215 step (unit is kJ/mol): 
Kinetic Energy: 2.652435384 Potential Energy: -180138.79 Total Energy: -180136.1376
----------------------
216 step (unit is kJ/mol): 
Kinetic Energy: 2.680329274 Potential Energy: -180138.8239 Total Energy: -180136.1436
----------------------
217 step (unit is kJ/mol): 
Kinetic Energy: 2.634269137 Potential Energy: -180139.9995 Total Energy: -180137.3653
----------------------
218 step (unit is kJ/mol): 
Kinetic Energy: 2.582040846 Potential Energy: -180139.9517 Total Energy: -180137.3696
----------------------
219 step (unit is kJ/mol): 
Kinetic Energy: 2.524586724 Potential Energy: -180139.8957 Total Energy: -180137.3711
----------------------
220 step (unit is kJ/mol): 
Kinetic Energy: 2.462914346 Potential Energy: -180139.8361 Total Energy: -180137.3732
----------------------
221 step (unit is kJ/mol): 
Kinetic Energy: 2.3980672 Potential Energy: -180139.7728 Total Energy: -180137.3747
----------------------
222 step (unit is kJ/mol): 
Kinetic Energy: 2.331123173 Potential Energy: -180139.7073 Total Energy: -180137.3762
----------------------
223 step (unit is kJ/mol): 
Kinetic Energy: 2.263141601 Potential Energy: -180139.6396 Total Energy: -180137.3764
----------------------
224 step (unit is kJ/mol): 
Kinetic Energy: 2.195182573 Potential Energy: -180139.5718 Total Energy: -180137.3766
----------------------
225 step (unit is kJ/mol): 
Kinetic Energy: 2.128299836 Potential Energy: -180139.5041 Total Energy: -180137.3758
----------------------
226 step (unit is kJ/mol): 
Kinetic Energy: 2.063494904 Potential Energy: -180139.4386 Total Energy: -180137.3751
----------------------
227 step (unit is kJ/mol): 
Kinetic Energy: 2.001741103 Potential Energy: -180139.3745 Total Energy: -180137.3728
----------------------
228 step (unit is kJ/mol): 
Kinetic Energy: 1.943939754 Potential Energy: -180139.3149 Total Energy: -180137.371
----------------------
229 step (unit is kJ/mol): 
Kinetic Energy: 1.812125662 Potential Energy: -180139.2229 Total Energy: -180137.4108
----------------------
230 step (unit is kJ/mol): 
Kinetic Energy: 1.687463814 Potential Energy: -180139.0963 Total Energy: -180137.4088
----------------------
231 step (unit is kJ/mol): 
Kinetic Energy: 1.571833795 Potential Energy: -180138.9748 Total Energy: -180137.403
----------------------
232 step (unit is kJ/mol): 
Kinetic Energy: 1.466984907 Potential Energy: -180138.8644 Total Energy: -180137.3974
----------------------
233 step (unit is kJ/mol): 
Kinetic Energy: 1.315219142 Potential Energy: -180138.715 Total Energy: -180137.3997
----------------------
234 step (unit is kJ/mol): 
Kinetic Energy: 1.178490574 Potential Energy: -180138.5677 Total Energy: -180137.3892
----------------------
235 step (unit is kJ/mol): 
Kinetic Energy: 1.058819077 Potential Energy: -180138.4418 Total Energy: -180137.383
----------------------
236 step (unit is kJ/mol): 
Kinetic Energy: 0.9579786125 Potential Energy: -180138.3336 Total Energy: -180137.3757
----------------------
237 step (unit is kJ/mol): 
Kinetic Energy: 0.8774369944 Potential Energy: -180138.2387 Total Energy: -180137.3612
----------------------
238 step (unit is kJ/mol): 
Kinetic Energy: 0.8183525404 Potential Energy: -180138.1695 Total Energy: -180137.3511
----------------------
239 step (unit is kJ/mol): 
Kinetic Energy: 0.781552747 Potential Energy: -180138.1238 Total Energy: -180137.3423
----------------------
240 step (unit is kJ/mol): 
Kinetic Energy: 0.7675357154 Potential Energy: -180138.0966 Total Energy: -180137.3291
----------------------
241 step (unit is kJ/mol): 
Kinetic Energy: 0.7764440574 Potential Energy: -180138.0929 Total Energy: -180137.3165
----------------------
242 step (unit is kJ/mol): 
Kinetic Energy: 0.6799670802 Potential Energy: -180136.829 Total Energy: -180136.149
----------------------
243 step (unit is kJ/mol): 
Kinetic Energy: 0.6117862667 Potential Energy: -180136.7465 Total Energy: -180136.1347
----------------------
244 step (unit is kJ/mol): 
Kinetic Energy: 0.5729685966 Potential Energy: -180136.692 Total Energy: -180136.1191
----------------------
245 step (unit is kJ/mol): 
Kinetic Energy: 0.5642103279 Potential Energy: -180136.6685 Total Energy: -180136.1043
----------------------
246 step (unit is kJ/mol): 
Kinetic Energy: 0.5857490712 Potential Energy: -180136.6744 Total Energy: -180136.0886
----------------------
247 step (unit is kJ/mol): 
Kinetic Energy: 0.6373679742 Potential Energy: -180136.7119 Total Energy: -180136.0745
----------------------
248 step (unit is kJ/mol): 
Kinetic Energy: 0.7183972692 Potential Energy: -180136.7782 Total Energy: -180136.0598
----------------------
249 step (unit is kJ/mol): 
Kinetic Energy: 0.8277104926 Potential Energy: -180136.8731 Total Energy: -180136.0454
----------------------
250 step (unit is kJ/mol): 
Kinetic Energy: 0.9637467455 Potential Energy: -180136.9961 Total Energy: -180136.0323
----------------------
251 step (unit is kJ/mol): 
Kinetic Energy: 1.12451141 Potential Energy: -180137.1462 Total Energy: -180136.0217
----------------------
252 step (unit is kJ/mol): 
Kinetic Energy: 1.307616242 Potential Energy: -180137.3163 Total Energy: -180136.0087
----------------------
253 step (unit is kJ/mol): 
Kinetic Energy: 1.510281791 Potential Energy: -180137.5106 Total Energy: -180136.0003
----------------------
254 step (unit is kJ/mol): 
Kinetic Energy: 1.591785806 Potential Energy: -180137.7028 Total Energy: -180136.111
----------------------
255 step (unit is kJ/mol): 
Kinetic Energy: 1.687815028 Potential Energy: -180137.7881 Total Energy: -180136.1003
----------------------
256 step (unit is kJ/mol): 
Kinetic Energy: 1.796984645 Potential Energy: -180137.8912 Total Energy: -180136.0942
----------------------
257 step (unit is kJ/mol): 
Kinetic Energy: 1.917754513 Potential Energy: -180138.0075 Total Energy: -180136.0898
----------------------
258 step (unit is kJ/mol): 
Kinetic Energy: 2.048400308 Potential Energy: -180138.1334 Total Energy: -180136.085
----------------------
259 step (unit is kJ/mol): 
Kinetic Energy: 2.18701461 Potential Energy: -180138.2674 Total Energy: -180136.0804
----------------------
260 step (unit is kJ/mol): 
Kinetic Energy: 2.265404068 Potential Energy: -180138.3844 Total Energy: -180136.119
----------------------
261 step (unit is kJ/mol): 
Kinetic Energy: 2.3447035 Potential Energy: -180138.4639 Total Energy: -180136.1192
----------------------
262 step (unit is kJ/mol): 
Kinetic Energy: 2.42369554 Potential Energy: -180138.5434 Total Energy: -180136.1197
----------------------
263 step (unit is kJ/mol): 
Kinetic Energy: 2.501216634 Potential Energy: -180138.6207 Total Energy: -180136.1195
----------------------
264 step (unit is kJ/mol): 
Kinetic Energy: 2.576090553 Potential Energy: -180138.6958 Total Energy: -180136.1197
----------------------
265 step (unit is kJ/mol): 
Kinetic Energy: 2.647169731 Potential Energy: -180138.7716 Total Energy: -180136.1245
----------------------
266 step (unit is kJ/mol): 
Kinetic Energy: 2.645827926 Potential Energy: -180140.0378 Total Energy: -180137.392
----------------------
267 step (unit is kJ/mol): 
Kinetic Energy: 2.639026334 Potential Energy: -180140.0356 Total Energy: -180137.3966
----------------------
268 step (unit is kJ/mol): 
Kinetic Energy: 2.627000423 Potential Energy: -180140.0253 Total Energy: -180137.3983
----------------------
269 step (unit is kJ/mol): 
Kinetic Energy: 2.610072743 Potential Energy: -180140.0084 Total Energy: -180137.3983
----------------------
270 step (unit is kJ/mol): 
Kinetic Energy: 2.588664697 Potential Energy: -180139.9914 Total Energy: -180137.4028
----------------------
271 step (unit is kJ/mol): 
Kinetic Energy: 2.563199485 Potential Energy: -180139.9664 Total Energy: -180137.4032
----------------------
272 step (unit is kJ/mol): 
Kinetic Energy: 2.534171325 Potential Energy: -180139.9421 Total Energy: -180137.4079
----------------------
273 step (unit is kJ/mol): 
Kinetic Energy: 2.502110138 Potential Energy: -180139.9097 Total Energy: -180137.4076
----------------------
274 step (unit is kJ/mol): 
Kinetic Energy: 2.467539628 Potential Energy: -180139.8773 Total Energy: -180137.4098
----------------------
275 step (unit is kJ/mol): 
Kinetic Energy: 2.364489969 Potential Energy: -180139.7816 Total Energy: -180137.4171
----------------------
276 step (unit is kJ/mol): 
Kinetic Energy: 2.261333292 Potential Energy: -180139.6793 Total Energy: -180137.418
----------------------
277 step (unit is kJ/mol): 
Kinetic Energy: 2.159958003 Potential Energy: -180139.5755 Total Energy: -180137.4155
----------------------
278 step (unit is kJ/mol): 
Kinetic Energy: 1.980308788 Potential Energy: -180139.4349 Total Energy: -180137.4546
----------------------
279 step (unit is kJ/mol): 
Kinetic Energy: 1.807500712 Potential Energy: -180139.256 Total Energy: -180137.4485
----------------------
280 step (unit is kJ/mol): 
Kinetic Energy: 1.644901031 Potential Energy: -180139.0897 Total Energy: -180137.4448
----------------------
281 step (unit is kJ/mol): 
Kinetic Energy: 1.495740093 Potential Energy: -180138.9343 Total Energy: -180137.4386
----------------------
282 step (unit is kJ/mol): 
Kinetic Energy: 1.362974058 Potential Energy: -180138.7922 Total Energy: -180137.4293
----------------------
283 step (unit is kJ/mol): 
Kinetic Energy: 1.249204807 Potential Energy: -180138.6693 Total Energy: -180137.4201
----------------------
284 step (unit is kJ/mol): 
Kinetic Energy: 1.156656716 Potential Energy: -180138.5633 Total Energy: -180137.4067
----------------------
285 step (unit is kJ/mol): 
Kinetic Energy: 1.087092823 Potential Energy: -180138.4831 Total Energy: -180137.396
----------------------
286 step (unit is kJ/mol): 
Kinetic Energy: 1.041794946 Potential Energy: -180138.4279 Total Energy: -180137.3861
----------------------
287 step (unit is kJ/mol): 
Kinetic Energy: 1.021530095 Potential Energy: -180138.3947 Total Energy: -180137.3732
----------------------
288 step (unit is kJ/mol): 
Kinetic Energy: 1.02652804 Potential Energy: -180138.3852 Total Energy: -180137.3586
----------------------
289 step (unit is kJ/mol): 
Kinetic Energy: 0.9842372052 Potential Energy: -180138.3307 Total Energy: -180137.3464
----------------------
290 step (unit is kJ/mol): 
Kinetic Energy: 0.9063672947 Potential Energy: -180137.1116 Total Energy: -180136.2053
----------------------
291 step (unit is kJ/mol): 
Kinetic Energy: 0.8598177156 Potential Energy: -180137.0483 Total Energy: -180136.1885
----------------------
292 step (unit is kJ/mol): 
Kinetic Energy: 0.845475046 Potential Energy: -180137.0174 Total Energy: -180136.1719
----------------------
293 step (unit is kJ/mol): 
Kinetic Energy: 0.8636216557 Potential Energy: -180137.0196 Total Energy: -180136.156
----------------------
294 step (unit is kJ/mol): 
Kinetic Energy: 0.9138805611 Potential Energy: -180137.0542 Total Energy: -180136.1403
----------------------
295 step (unit is kJ/mol): 
Kinetic Energy: 0.9252926478 Potential Energy: -180137.0881 Total Energy: -180136.1628
----------------------
296 step (unit is kJ/mol): 
Kinetic Energy: 0.9678771899 Potential Energy: -180137.1146 Total Energy: -180136.1467
----------------------
297 step (unit is kJ/mol): 
Kinetic Energy: 1.040860282 Potential Energy: -180137.1735 Total Energy: -180136.1326
----------------------
298 step (unit is kJ/mol): 
Kinetic Energy: 1.142888771 Potential Energy: -180137.2618 Total Energy: -180136.1189
----------------------
299 step (unit is kJ/mol): 
Kinetic Energy: 1.272040419 Potential Energy: -180137.3789 Total Energy: -180136.1068
----------------------
300 step (unit is kJ/mol): 
Kinetic Energy: 1.425828453 Potential Energy: -180137.5195 Total Energy: -180136.0936
----------------------
301 step (unit is kJ/mol): 
Kinetic Energy: 1.517835867 Potential Energy: -180137.6137 Total Energy: -180136.0958
----------------------
302 step (unit is kJ/mol): 
Kinetic Energy: 1.630628072 Potential Energy: -180137.7175 Total Energy: -180136.0869
----------------------
303 step (unit is kJ/mol): 
Kinetic Energy: 1.762077242 Potential Energy: -180137.8375 Total Energy: -180136.0754
----------------------
304 step (unit is kJ/mol): 
Kinetic Energy: 1.909726746 Potential Energy: -180137.9781 Total Energy: -180136.0683
----------------------
305 step (unit is kJ/mol): 
Kinetic Energy: 2.070774523 Potential Energy: -180138.1334 Total Energy: -180136.0626
----------------------
306 step (unit is kJ/mol): 
Kinetic Energy: 2.163938953 Potential Energy: -180138.274 Total Energy: -180136.1101
----------------------
307 step (unit is kJ/mol): 
Kinetic Energy: 2.262037969 Potential Energy: -180138.369 Total Energy: -180136.1069
----------------------
308 step (unit is kJ/mol): 
Kinetic Energy: 2.363276485 Potential Energy: -180138.4691 Total Energy: -180136.1058
----------------------
309 step (unit is kJ/mol): 
Kinetic Energy: 2.46583259 Potential Energy: -180138.5677 Total Energy: -180136.1019
----------------------
310 step (unit is kJ/mol): 
Kinetic Energy: 2.567844259 Potential Energy: -180138.6737 Total Energy: -180136.1059
----------------------
311 step (unit is kJ/mol): 
Kinetic Energy: 2.667418677 Potential Energy: -180138.7731 Total Energy: -180136.1057
----------------------
312 step (unit is kJ/mol): 
Kinetic Energy: 2.762726033 Potential Energy: -180138.8725 Total Energy: -180136.1098
----------------------
313 step (unit is kJ/mol): 
Kinetic Energy: 2.787445676 Potential Energy: -180140.0871 Total Energy: -180137.2997
----------------------
314 step (unit is kJ/mol): 
Kinetic Energy: 2.806037886 Potential Energy: -180140.1114 Total Energy: -180137.3054
----------------------
315 step (unit is kJ/mol): 
Kinetic Energy: 2.818158377 Potential Energy: -180140.1232 Total Energy: -180137.305
----------------------
316 step (unit is kJ/mol): 
Kinetic Energy: 2.757697978 Potential Energy: -180140.0805 Total Energy: -180137.3228
----------------------
317 step (unit is kJ/mol): 
Kinetic Energy: 2.692263959 Potential Energy: -180140.0165 Total Energy: -180137.3242
----------------------
318 step (unit is kJ/mol): 
Kinetic Energy: 2.622959659 Potential Energy: -180139.9502 Total Energy: -180137.3272
----------------------
319 step (unit is kJ/mol): 
Kinetic Energy: 2.550962471 Potential Energy: -180139.8773 Total Energy: -180137.3264
----------------------
320 step (unit is kJ/mol): 
Kinetic Energy: 2.477413123 Potential Energy: -180139.8067 Total Energy: -180137.3292
----------------------
321 step (unit is kJ/mol): 
Kinetic Energy: 2.403498713 Potential Energy: -180139.7338 Total Energy: -180137.3303
----------------------
322 step (unit is kJ/mol): 
Kinetic Energy: 2.330348219 Potential Energy: -180139.6572 Total Energy: -180137.3269
----------------------
323 step (unit is kJ/mol): 
Kinetic Energy: 2.259041909 Potential Energy: -180139.5865 Total Energy: -180137.3275
----------------------
324 step (unit is kJ/mol): 
Kinetic Energy: 2.190655652 Potential Energy: -180139.5174 Total Energy: -180137.3267
----------------------
325 step (unit is kJ/mol): 
Kinetic Energy: 2.047516434 Potential Energy: -180139.3944 Total Energy: -180137.3469
----------------------
326 step (unit is kJ/mol): 
Kinetic Energy: 1.910973386 Potential Energy: -180139.2568 Total Energy: -180137.3458
----------------------
327 step (unit is kJ/mol): 
Kinetic Energy: 1.783091238 Potential Energy: -180139.122 Total Energy: -180137.339
----------------------
328 step (unit is kJ/mol): 
Kinetic Energy: 1.665774422 Potential Energy: -180138.9998 Total Energy: -180137.3341
----------------------
329 step (unit is kJ/mol): 
Kinetic Energy: 1.560769358 Potential Energy: -180138.8879 Total Energy: -180137.3272
----------------------
330 step (unit is kJ/mol): 
Kinetic Energy: 1.469591461 Potential Energy: -180138.7922 Total Energy: -180137.3227
----------------------
331 step (unit is kJ/mol): 
Kinetic Energy: 1.393541907 Potential Energy: -180138.7069 Total Energy: -180137.3133
----------------------
332 step (unit is kJ/mol): 
Kinetic Energy: 1.33368018 Potential Energy: -180138.6391 Total Energy: -180137.3055
----------------------
333 step (unit is kJ/mol): 
Kinetic Energy: 1.290812988 Potential Energy: -180138.5883 Total Energy: -180137.2975
----------------------
334 step (unit is kJ/mol): 
Kinetic Energy: 1.265490076 Potential Energy: -180138.553 Total Energy: -180137.2875
----------------------
335 step (unit is kJ/mol): 
Kinetic Energy: 1.258000929 Potential Energy: -180138.5368 Total Energy: -180137.2788
----------------------
336 step (unit is kJ/mol): 
Kinetic Energy: 1.203109776 Potential Energy: -180138.4845 Total Energy: -180137.2814
----------------------
337 step (unit is kJ/mol): 
Kinetic Energy: 1.107574867 Potential Energy: -180137.2257 Total Energy: -180136.1182
----------------------
338 step (unit is kJ/mol): 
Kinetic Energy: 0.9720170537 Potential Energy: -180137.1116 Total Energy: -180136.1396
----------------------
339 step (unit is kJ/mol): 
Kinetic Energy: 0.8629756791 Potential Energy: -180136.9865 Total Energy: -180136.1235
----------------------
340 step (unit is kJ/mol): 
Kinetic Energy: 0.7821466428 Potential Energy: -180136.8901 Total Energy: -180136.1079
----------------------
341 step (unit is kJ/mol): 
Kinetic Energy: 0.7308226492 Potential Energy: -180136.8267 Total Energy: -180136.0959
----------------------
342 step (unit is kJ/mol): 
Kinetic Energy: 0.7098439327 Potential Energy: -180136.7907 Total Energy: -180136.0808
----------------------
343 step (unit is kJ/mol): 
Kinetic Energy: 0.7196009009 Potential Energy: -180136.7877 Total Energy: -180136.0681
----------------------
344 step (unit is kJ/mol): 
Kinetic Energy: 0.7600142049 Potential Energy: -180136.8105 Total Energy: -180136.0505
----------------------
345 step (unit is kJ/mol): 
Kinetic Energy: 0.8305464683 Potential Energy: -180136.8665 Total Energy: -180136.0359
----------------------
346 step (unit is kJ/mol): 
Kinetic Energy: 0.930198491 Potential Energy: -180136.9519 Total Energy: -180136.0217
----------------------
347 step (unit is kJ/mol): 
Kinetic Energy: 1.057535183 Potential Energy: -180137.0623 Total Energy: -180136.0048
----------------------
348 step (unit is kJ/mol): 
Kinetic Energy: 1.210669654 Potential Energy: -180137.2059 Total Energy: -180135.9952
----------------------
349 step (unit is kJ/mol): 
Kinetic Energy: 1.387304837 Potential Energy: -180137.373 Total Energy: -180135.9857
----------------------
350 step (unit is kJ/mol): 
Kinetic Energy: 1.506698766 Potential Energy: -180137.5489 Total Energy: -180136.0422
----------------------
351 step (unit is kJ/mol): 
Kinetic Energy: 1.644712015 Potential Energy: -180137.6777 Total Energy: -180136.033
----------------------
352 step (unit is kJ/mol): 
Kinetic Energy: 1.799273226 Potential Energy: -180137.8213 Total Energy: -180136.022
----------------------
353 step (unit is kJ/mol): 
Kinetic Energy: 1.968089885 Potential Energy: -180137.984 Total Energy: -180136.0159
----------------------
354 step (unit is kJ/mol): 
Kinetic Energy: 2.148588077 Potential Energy: -180138.1577 Total Energy: -180136.0091
----------------------
355 step (unit is kJ/mol): 
Kinetic Energy: 2.265678021 Potential Energy: -180138.2983 Total Energy: -180136.0326
----------------------
356 step (unit is kJ/mol): 
Kinetic Energy: 2.38619884 Potential Energy: -180138.4176 Total Energy: -180136.0314
----------------------
357 step (unit is kJ/mol): 
Kinetic Energy: 2.508204556 Potential Energy: -180138.5361 Total Energy: -180136.0279
----------------------
358 step (unit is kJ/mol): 
Kinetic Energy: 2.629731653 Potential Energy: -180138.662 Total Energy: -180136.0322
----------------------
359 step (unit is kJ/mol): 
Kinetic Energy: 2.748792712 Potential Energy: -180138.7819 Total Energy: -180136.0332
----------------------
360 step (unit is kJ/mol): 
Kinetic Energy: 2.796977144 Potential Energy: -180138.8857 Total Energy: -180136.0888
----------------------
361 step (unit is kJ/mol): 
Kinetic Energy: 2.77361965 Potential Energy: -180140.0606 Total Energy: -180137.287
----------------------
362 step (unit is kJ/mol): 
Kinetic Energy: 2.744860175 Potential Energy: -180140.0356 Total Energy: -180137.2907
----------------------
363 step (unit is kJ/mol): 
Kinetic Energy: 2.711366861 Potential Energy: -180140.0032 Total Energy: -180137.2918
----------------------
364 step (unit is kJ/mol): 
Kinetic Energy: 2.673961866 Potential Energy: -180139.9649 Total Energy: -180137.291
----------------------
365 step (unit is kJ/mol): 
Kinetic Energy: 2.633531176 Potential Energy: -180139.9296 Total Energy: -180137.2961
----------------------
366 step (unit is kJ/mol): 
Kinetic Energy: 2.591025822 Potential Energy: -180139.8876 Total Energy: -180137.2966
----------------------
367 step (unit is kJ/mol): 
Kinetic Energy: 2.54740643 Potential Energy: -180139.8427 Total Energy: -180137.2953
----------------------
368 step (unit is kJ/mol): 
Kinetic Energy: 2.503653428 Potential Energy: -180139.7978 Total Energy: -180137.2942
----------------------
369 step (unit is kJ/mol): 
Kinetic Energy: 2.460740068 Potential Energy: -180139.7566 Total Energy: -180137.2959
----------------------
370 step (unit is kJ/mol): 
Kinetic Energy: 2.419572176 Potential Energy: -180139.7146 Total Energy: -180137.2951
----------------------
371 step (unit is kJ/mol): 
Kinetic Energy: 2.380991476 Potential Energy: -180139.6734 Total Energy: -180137.2924
----------------------
372 step (unit is kJ/mol): 
Kinetic Energy: 2.345754131 Potential Energy: -180139.6351 Total Energy: -180137.2894
----------------------
373 step (unit is kJ/mol): 
Kinetic Energy: 2.314503415 Potential Energy: -180139.602 Total Energy: -180137.2875
----------------------
374 step (unit is kJ/mol): 
Kinetic Energy: 2.205242435 Potential Energy: -180139.5542 Total Energy: -180137.3489
----------------------
375 step (unit is kJ/mol): 
Kinetic Energy: 2.102041859 Potential Energy: -180139.4482 Total Energy: -180137.3461
----------------------
376 step (unit is kJ/mol): 
Kinetic Energy: 2.006860779 Potential Energy: -180139.3451 Total Energy: -180137.3382
----------------------
377 step (unit is kJ/mol): 
Kinetic Energy: 1.92154101 Potential Energy: -180139.2545 Total Energy: -180137.333
----------------------
378 step (unit is kJ/mol): 
Kinetic Energy: 1.84767995 Potential Energy: -180139.178 Total Energy: -180137.3303
----------------------
379 step (unit is kJ/mol): 
Kinetic Energy: 1.786648325 Potential Energy: -180139.1066 Total Energy: -180137.3199
----------------------
380 step (unit is kJ/mol): 
Kinetic Energy: 1.739506469 Potential Energy: -180139.0543 Total Energy: -180137.3148
----------------------
381 step (unit is kJ/mol): 
Kinetic Energy: 1.636671522 Potential Energy: -180138.9719 Total Energy: -180137.3352
----------------------
382 step (unit is kJ/mol): 
Kinetic Energy: 1.550459793 Potential Energy: -180138.8776 Total Energy: -180137.3272
----------------------
383 step (unit is kJ/mol): 
Kinetic Energy: 1.482491052 Potential Energy: -180138.8003 Total Energy: -180137.3179
----------------------
384 step (unit is kJ/mol): 
Kinetic Energy: 1.434033934 Potential Energy: -180138.7422 Total Energy: -180137.3082
----------------------
385 step (unit is kJ/mol): 
Kinetic Energy: 1.258935526 Potential Energy: -180137.4826 Total Energy: -180136.2237
----------------------
386 step (unit is kJ/mol): 
Kinetic Energy: 1.111493688 Potential Energy: -180137.3222 Total Energy: -180136.2107
----------------------
387 step (unit is kJ/mol): 
Kinetic Energy: 0.9946579254 Potential Energy: -180137.1889 Total Energy: -180136.1943
----------------------
388 step (unit is kJ/mol): 
Kinetic Energy: 0.9108521385 Potential Energy: -180137.0895 Total Energy: -180136.1787
----------------------
389 step (unit is kJ/mol): 
Kinetic Energy: 0.8618238852 Potential Energy: -180137.0211 Total Energy: -180136.1593
----------------------
390 step (unit is kJ/mol): 
Kinetic Energy: 0.8486231414 Potential Energy: -180136.9894 Total Energy: -180136.1408
----------------------
391 step (unit is kJ/mol): 
Kinetic Energy: 0.8715527907 Potential Energy: -180136.999 Total Energy: -180136.1274
----------------------
392 step (unit is kJ/mol): 
Kinetic Energy: 0.9301853527 Potential Energy: -180137.0373 Total Energy: -180136.1071
----------------------
393 step (unit is kJ/mol): 
Kinetic Energy: 1.023370006 Potential Energy: -180137.1138 Total Energy: -180136.0905
----------------------
394 step (unit is kJ/mol): 
Kinetic Energy: 1.14926013 Potential Energy: -180137.2257 Total Energy: -180136.0765
----------------------
395 step (unit is kJ/mol): 
Kinetic Energy: 1.305353355 Potential Energy: -180137.3627 Total Energy: -180136.0573
----------------------
396 step (unit is kJ/mol): 
Kinetic Energy: 1.488540314 Potential Energy: -180137.532 Total Energy: -180136.0434
----------------------
397 step (unit is kJ/mol): 
Kinetic Energy: 1.613010207 Potential Energy: -180137.6659 Total Energy: -180136.0529
----------------------
398 step (unit is kJ/mol): 
Kinetic Energy: 1.759276097 Potential Energy: -180137.7999 Total Energy: -180136.0407
----------------------
399 step (unit is kJ/mol): 
Kinetic Energy: 1.924517183 Potential Energy: -180137.9582 Total Energy: -180136.0337
----------------------
400 step (unit is kJ/mol): 
Kinetic Energy: 2.105588244 Potential Energy: -180138.1327 Total Energy: -180136.0271
----------------------
401 step (unit is kJ/mol): 
Kinetic Energy: 2.232410288 Potential Energy: -180138.316 Total Energy: -180136.0836
----------------------
402 step (unit is kJ/mol): 
Kinetic Energy: 2.369407359 Potential Energy: -180138.4463 Total Energy: -180136.0769
----------------------
403 step (unit is kJ/mol): 
Kinetic Energy: 2.43294509 Potential Energy: -180138.5677 Total Energy: -180136.1348
----------------------
404 step (unit is kJ/mol): 
Kinetic Energy: 2.499268333 Potential Energy: -180138.6355 Total Energy: -180136.1362
----------------------
405 step (unit is kJ/mol): 
Kinetic Energy: 2.567278595 Potential Energy: -180138.7017 Total Energy: -180136.1344
----------------------
406 step (unit is kJ/mol): 
Kinetic Energy: 2.635840481 Potential Energy: -180138.768 Total Energy: -180136.1321
----------------------
407 step (unit is kJ/mol): 
Kinetic Energy: 2.703797458 Potential Energy: -180138.8386 Total Energy: -180136.1348
----------------------
408 step (unit is kJ/mol): 
Kinetic Energy: 2.703342616 Potential Energy: -180140.0275 Total Energy: -180137.3242
----------------------
409 step (unit is kJ/mol): 
Kinetic Energy: 2.701181402 Potential Energy: -180140.0246 Total Energy: -180137.3234
----------------------
410 step (unit is kJ/mol): 
Kinetic Energy: 2.697407461 Potential Energy: -180140.0238 Total Energy: -180137.3264
----------------------
411 step (unit is kJ/mol): 
Kinetic Energy: 2.692102711 Potential Energy: -180140.0179 Total Energy: -180137.3258
----------------------
412 step (unit is kJ/mol): 
Kinetic Energy: 2.685365307 Potential Energy: -180140.012 Total Energy: -180137.3267
----------------------
413 step (unit is kJ/mol): 
Kinetic Energy: 2.677280764 Potential Energy: -180140.0062 Total Energy: -180137.3289
----------------------
414 step (unit is kJ/mol): 
Kinetic Energy: 2.667927347 Potential Energy: -180139.9973 Total Energy: -180137.3294
----------------------
415 step (unit is kJ/mol): 
Kinetic Energy: 2.657373703 Potential Energy: -180139.987 Total Energy: -180137.3296
----------------------
416 step (unit is kJ/mol): 
Kinetic Energy: 2.645709193 Potential Energy: -180139.9738 Total Energy: -180137.3281
----------------------
417 step (unit is kJ/mol): 
Kinetic Energy: 2.633022226 Potential Energy: -180139.9612 Total Energy: -180137.3282
----------------------
418 step (unit is kJ/mol): 
Kinetic Energy: 2.619408714 Potential Energy: -180139.9495 Total Energy: -180137.3301
----------------------
419 step (unit is kJ/mol): 
Kinetic Energy: 2.604988229 Potential Energy: -180139.9347 Total Energy: -180137.3298
----------------------
420 step (unit is kJ/mol): 
Kinetic Energy: 2.589889753 Potential Energy: -180139.9186 Total Energy: -180137.3287
----------------------
421 step (unit is kJ/mol): 
Kinetic Energy: 2.496197974 Potential Energy: -180139.8339 Total Energy: -180137.3377
----------------------
422 step (unit is kJ/mol): 
Kinetic Energy: 2.343869986 Potential Energy: -180139.7014 Total Energy: -180137.3575
----------------------
423 step (unit is kJ/mol): 
Kinetic Energy: 2.195764594 Potential Energy: -180139.5512 Total Energy: -180137.3554
----------------------
424 step (unit is kJ/mol): 
Kinetic Energy: 2.05415467 Potential Energy: -180139.4047 Total Energy: -180137.3506
----------------------
425 step (unit is kJ/mol): 
Kinetic Energy: 1.921188457 Potential Energy: -180139.2671 Total Energy: -180137.3459
----------------------
426 step (unit is kJ/mol): 
Kinetic Energy: 1.798857976 Potential Energy: -180139.1412 Total Energy: -180137.3423
----------------------
427 step (unit is kJ/mol): 
Kinetic Energy: 1.688949592 Potential Energy: -180139.0212 Total Energy: -180137.3322
----------------------
428 step (unit is kJ/mol): 
Kinetic Energy: 1.593074881 Potential Energy: -180138.9196 Total Energy: -180137.3265
----------------------
429 step (unit is kJ/mol): 
Kinetic Energy: 1.512601769 Potential Energy: -180138.832 Total Energy: -180137.3194
----------------------
430 step (unit is kJ/mol): 
Kinetic Energy: 1.448661946 Potential Energy: -180138.7606 Total Energy: -180137.3119
----------------------
431 step (unit is kJ/mol): 
Kinetic Energy: 1.402145803 Potential Energy: -180138.7046 Total Energy: -180137.3025
----------------------
432 step (unit is kJ/mol): 
Kinetic Energy: 1.373672616 Potential Energy: -180138.6664 Total Energy: -180137.2927
----------------------
433 step (unit is kJ/mol): 
Kinetic Energy: 1.231815074 Potential Energy: -180137.3781 Total Energy: -180136.1463
----------------------
434 step (unit is kJ/mol): 
Kinetic Energy: 1.115187015 Potential Energy: -180137.2508 Total Energy: -180136.1356
----------------------
435 step (unit is kJ/mol): 
Kinetic Energy: 1.025544461 Potential Energy: -180137.1477 Total Energy: -180136.1222
----------------------
436 step (unit is kJ/mol): 
Kinetic Energy: 0.9642801899 Potential Energy: -180137.0726 Total Energy: -180136.1083
----------------------
437 step (unit is kJ/mol): 
Kinetic Energy: 0.9323412543 Potential Energy: -180137.0233 Total Energy: -180136.091
----------------------
438 step (unit is kJ/mol): 
Kinetic Energy: 0.9302114621 Potential Energy: -180137.0093 Total Energy: -180136.0791
----------------------
439 step (unit is kJ/mol): 
Kinetic Energy: 0.9579058126 Potential Energy: -180137.0211 Total Energy: -180136.0632
----------------------
440 step (unit is kJ/mol): 
Kinetic Energy: 1.014980874 Potential Energy: -180137.0645 Total Energy: -180136.0495
----------------------
441 step (unit is kJ/mol): 
Kinetic Energy: 1.100535354 Potential Energy: -180137.1345 Total Energy: -180136.0339
----------------------
442 step (unit is kJ/mol): 
Kinetic Energy: 1.213212671 Potential Energy: -180137.2338 Total Energy: -180136.0206
----------------------
443 step (unit is kJ/mol): 
Kinetic Energy: 1.291779879 Potential Energy: -180137.3472 Total Energy: -180136.0554
----------------------
444 step (unit is kJ/mol): 
Kinetic Energy: 1.394198291 Potential Energy: -180137.4392 Total Energy: -180136.045
----------------------
445 step (unit is kJ/mol): 
Kinetic Energy: 1.518853953 Potential Energy: -180137.5518 Total Energy: -180136.033
----------------------
446 step (unit is kJ/mol): 
Kinetic Energy: 1.584782316 Potential Energy: -180137.6696 Total Energy: -180136.0848
----------------------
447 step (unit is kJ/mol): 
Kinetic Energy: 1.669686268 Potential Energy: -180137.744 Total Energy: -180136.0743
----------------------
448 step (unit is kJ/mol): 
Kinetic Energy: 1.772315239 Potential Energy: -180137.8338 Total Energy: -180136.0615
----------------------
449 step (unit is kJ/mol): 
Kinetic Energy: 1.891193961 Potential Energy: -180137.9486 Total Energy: -180136.0574
----------------------
450 step (unit is kJ/mol): 
Kinetic Energy: 2.02459657 Potential Energy: -180138.073 Total Energy: -180136.0484
----------------------
451 step (unit is kJ/mol): 
Kinetic Energy: 2.17055446 Potential Energy: -180138.2173 Total Energy: -180136.0468
----------------------
452 step (unit is kJ/mol): 
Kinetic Energy: 2.25667578 Potential Energy: -180138.3454 Total Energy: -180136.0887
----------------------
453 step (unit is kJ/mol): 
Kinetic Energy: 2.348222085 Potential Energy: -180138.436 Total Energy: -180136.0877
----------------------
454 step (unit is kJ/mol): 
Kinetic Energy: 2.443771833 Potential Energy: -180138.528 Total Energy: -180136.0842
----------------------
455 step (unit is kJ/mol): 
Kinetic Energy: 2.54188396 Potential Energy: -180138.6251 Total Energy: -180136.0833
----------------------
456 step (unit is kJ/mol): 
Kinetic Energy: 2.641027581 Potential Energy: -180138.7238 Total Energy: -180136.0828
----------------------
457 step (unit is kJ/mol): 
Kinetic Energy: 2.67155005 Potential Energy: -180139.948 Total Energy: -180137.2764
----------------------
458 step (unit is kJ/mol): 
Kinetic Energy: 2.700588092 Potential Energy: -180139.9789 Total Energy: -180137.2783
----------------------
459 step (unit is kJ/mol): 
Kinetic Energy: 2.727733827 Potential Energy: -180140.0039 Total Energy: -180137.2762
----------------------
460 step (unit is kJ/mol): 
Kinetic Energy: 2.752635541 Potential Energy: -180140.0304 Total Energy: -180137.2778
----------------------
461 step (unit is kJ/mol): 
Kinetic Energy: 2.774949562 Potential Energy: -180140.0547 Total Energy: -180137.2798
----------------------
462 step (unit is kJ/mol): 
Kinetic Energy: 2.794345614 Potential Energy: -180140.0753 Total Energy: -180137.281
----------------------
463 step (unit is kJ/mol): 
Kinetic Energy: 2.810519308 Potential Energy: -180140.093 Total Energy: -180137.2825
----------------------
464 step (unit is kJ/mol): 
Kinetic Energy: 2.758601745 Potential Energy: -180140.0474 Total Energy: -180137.2888
----------------------
465 step (unit is kJ/mol): 
Kinetic Energy: 2.704189292 Potential Energy: -180139.9944 Total Energy: -180137.2902
----------------------
466 step (unit is kJ/mol): 
Kinetic Energy: 2.648322823 Potential Energy: -180139.9399 Total Energy: -180137.2916
----------------------
467 step (unit is kJ/mol): 
Kinetic Energy: 2.59212918 Potential Energy: -180139.8832 Total Energy: -180137.2911
----------------------
468 step (unit is kJ/mol): 
Kinetic Energy: 2.536712446 Potential Energy: -180139.8273 Total Energy: -180137.2906
----------------------
469 step (unit is kJ/mol): 
Kinetic Energy: 2.483151836 Potential Energy: -180139.7721 Total Energy: -180137.2889
----------------------
470 step (unit is kJ/mol): 
Kinetic Energy: 2.349734988 Potential Energy: -180139.7161 Total Energy: -180137.3664
----------------------
471 step (unit is kJ/mol): 
Kinetic Energy: 2.221070937 Potential Energy: -180139.5843 Total Energy: -180137.3633
----------------------
472 step (unit is kJ/mol): 
Kinetic Energy: 2.099693446 Potential Energy: -180139.4599 Total Energy: -180137.3602
----------------------
473 step (unit is kJ/mol): 
Kinetic Energy: 1.988041276 Potential Energy: -180139.3458 Total Energy: -180137.3578
----------------------
474 step (unit is kJ/mol): 
Kinetic Energy: 1.888331759 Potential Energy: -180139.2391 Total Energy: -180137.3508
----------------------
475 step (unit is kJ/mol): 
Kinetic Energy: 1.802534834 Potential Energy: -180139.1441 Total Energy: -180137.3416
----------------------
476 step (unit is kJ/mol): 
Kinetic Energy: 1.732309529 Potential Energy: -180139.0654 Total Energy: -180137.333
----------------------
477 step (unit is kJ/mol): 
Kinetic Energy: 1.678968907 Potential Energy: -180139.0043 Total Energy: -180137.3253
----------------------
478 step (unit is kJ/mol): 
Kinetic Energy: 1.6434664 Potential Energy: -180138.9586 Total Energy: -180137.3152
----------------------
479 step (unit is kJ/mol): 
Kinetic Energy: 1.626340951 Potential Energy: -180138.9343 Total Energy: -180137.308
----------------------
480 step (unit is kJ/mol): 
Kinetic Energy: 1.62774054 Potential Energy: -180138.9277 Total Energy: -180137.3
----------------------
481 step (unit is kJ/mol): 
Kinetic Energy: 1.647413029 Potential Energy: -180138.9373 Total Energy: -180137.2899
----------------------
482 step (unit is kJ/mol): 
Kinetic Energy: 1.540984616 Potential Energy: -180137.7653 Total Energy: -180136.2243
----------------------
483 step (unit is kJ/mol): 
Kinetic Energy: 1.458118483 Potential Energy: -180137.6682 Total Energy: -180136.21
----------------------
484 step (unit is kJ/mol): 
Kinetic Energy: 1.33027003 Potential Energy: -180137.5607 Total Energy: -180136.2304
----------------------
485 step (unit is kJ/mol): 
Kinetic Energy: 1.230257832 Potential Energy: -180137.4458 Total Energy: -180136.2156
----------------------
486 step (unit is kJ/mol): 
Kinetic Energy: 1.160140089 Potential Energy: -180137.3604 Total Energy: -180136.2003
----------------------
487 step (unit is kJ/mol): 
Kinetic Energy: 1.121418746 Potential Energy: -180137.3052 Total Energy: -180136.1838
----------------------
488 step (unit is kJ/mol): 
Kinetic Energy: 1.114981067 Potential Energy: -180137.2832 Total Energy: -180136.1682
----------------------
489 step (unit is kJ/mol): 
Kinetic Energy: 1.141050541 Potential Energy: -180137.2927 Total Energy: -180136.1517
----------------------
490 step (unit is kJ/mol): 
Kinetic Energy: 1.199204975 Potential Energy: -180137.3332 Total Energy: -180136.134
----------------------
491 step (unit is kJ/mol): 
Kinetic Energy: 1.288371685 Potential Energy: -180137.4083 Total Energy: -180136.1199
----------------------
492 step (unit is kJ/mol): 
Kinetic Energy: 1.406861881 Potential Energy: -180137.5136 Total Energy: -180136.1067
----------------------
493 step (unit is kJ/mol): 
Kinetic Energy: 1.47170294 Potential Energy: -180137.5953 Total Energy: -180136.1236
----------------------
494 step (unit is kJ/mol): 
Kinetic Energy: 1.56297335 Potential Energy: -180137.674 Total Energy: -180136.1111
----------------------
495 step (unit is kJ/mol): 
Kinetic Energy: 1.67895993 Potential Energy: -180137.7749 Total Energy: -180136.0959
----------------------
496 step (unit is kJ/mol): 
Kinetic Energy: 1.817486007 Potential Energy: -180137.9052 Total Energy: -180136.0877
----------------------
497 step (unit is kJ/mol): 
Kinetic Energy: 1.975898196 Potential Energy: -180138.0524 Total Energy: -180136.0765
----------------------
498 step (unit is kJ/mol): 
Kinetic Energy: 2.151147033 Potential Energy: -180138.2203 Total Energy: -180136.0691
----------------------
499 step (unit is kJ/mol): 
Kinetic Energy: 2.339835408 Potential Energy: -180138.4028 Total Energy: -180136.063
----------------------
500 step (unit is kJ/mol): 
Kinetic Energy: 2.455356036 Potential Energy: -180138.5398 Total Energy: -180136.0844
----------------------
501 step (unit is kJ/mol): 
Kinetic Energy: 2.575161936 Potential Energy: -180138.6539 Total Energy: -180136.0787
----------------------
502 step (unit is kJ/mol): 
Kinetic Energy: 2.697088832 Potential Energy: -180138.7746 Total Energy: -180136.0775
----------------------
503 step (unit is kJ/mol): 
Kinetic Energy: 2.8189704 Potential Energy: -180138.899 Total Energy: -180136.08
----------------------
504 step (unit is kJ/mol): 
Kinetic Energy: 2.938631721 Potential Energy: -180139.0205 Total Energy: -180136.0818
----------------------
505 step (unit is kJ/mol): 
Kinetic Energy: 2.918270783 Potential Energy: -180140.1652 Total Energy: -180137.2469
----------------------
506 step (unit is kJ/mol): 
Kinetic Energy: 2.894628409 Potential Energy: -180140.1409 Total Energy: -180137.2462
----------------------
507 step (unit is kJ/mol): 
Kinetic Energy: 2.868223795 Potential Energy: -180140.1188 Total Energy: -180137.2506
----------------------
508 step (unit is kJ/mol): 
Kinetic Energy: 2.839642899 Potential Energy: -180140.0893 Total Energy: -180137.2497
----------------------
509 step (unit is kJ/mol): 
Kinetic Energy: 2.809477365 Potential Energy: -180140.0592 Total Energy: -180137.2497
----------------------
510 step (unit is kJ/mol): 
Kinetic Energy: 2.778273712 Potential Energy: -180140.0304 Total Energy: -180137.2522
----------------------
511 step (unit is kJ/mol): 
Kinetic Energy: 2.746562201 Potential Energy: -180139.9981 Total Energy: -180137.2515
----------------------
512 step (unit is kJ/mol): 
Kinetic Energy: 2.714843909 Potential Energy: -180139.9686 Total Energy: -180137.2538
----------------------
513 step (unit is kJ/mol): 
Kinetic Energy: 2.683598715 Potential Energy: -180139.9362 Total Energy: -180137.2526
----------------------
514 step (unit is kJ/mol): 
Kinetic Energy: 2.653238743 Potential Energy: -180139.906 Total Energy: -180137.2528
----------------------
515 step (unit is kJ/mol): 
Kinetic Energy: 2.624169149 Potential Energy: -180139.8729 Total Energy: -180137.2487
----------------------
516 step (unit is kJ/mol): 
Kinetic Energy: 2.523548905 Potential Energy: -180139.8317 Total Energy: -180137.3081
----------------------
517 step (unit is kJ/mol): 
Kinetic Energy: 2.426293937 Potential Energy: -180139.7316 Total Energy: -180137.3053
----------------------
518 step (unit is kJ/mol): 
Kinetic Energy: 2.333832578 Potential Energy: -180139.6388 Total Energy: -180137.305
----------------------
519 step (unit is kJ/mol): 
Kinetic Energy: 2.247528951 Potential Energy: -180139.5461 Total Energy: -180137.2985
----------------------
520 step (unit is kJ/mol): 
Kinetic Energy: 2.168623911 Potential Energy: -180139.4643 Total Energy: -180137.2957
----------------------
521 step (unit is kJ/mol): 
Kinetic Energy: 2.098222189 Potential Energy: -180139.3878 Total Energy: -180137.2896
----------------------
522 step (unit is kJ/mol): 
Kinetic Energy: 2.037283414 Potential Energy: -180139.326 Total Energy: -180137.2887
----------------------
523 step (unit is kJ/mol): 
Kinetic Energy: 1.986645623 Potential Energy: -180139.2685 Total Energy: -180137.2819
----------------------
524 step (unit is kJ/mol): 
Kinetic Energy: 1.946956883 Potential Energy: -180139.2222 Total Energy: -180137.2752
----------------------
525 step (unit is kJ/mol): 
Kinetic Energy: 1.918726187 Potential Energy: -180139.1876 Total Energy: -180137.2688
----------------------
526 step (unit is kJ/mol): 
Kinetic Energy: 1.902281402 Potential Energy: -180139.1662 Total Energy: -180137.2639
----------------------
527 step (unit is kJ/mol): 
Kinetic Energy: 1.832202126 Potential Energy: -180139.1346 Total Energy: -180137.3024
----------------------
528 step (unit is kJ/mol): 
Kinetic Energy: 1.775122841 Potential Energy: -180139.069 Total Energy: -180137.2939
----------------------
529 step (unit is kJ/mol): 
Kinetic Energy: 1.731863194 Potential Energy: -180139.0212 Total Energy: -180137.2893
----------------------
530 step (unit is kJ/mol): 
Kinetic Energy: 1.56971611 Potential Energy: -180137.7904 Total Energy: -180136.2206
----------------------
531 step (unit is kJ/mol): 
Kinetic Energy: 1.429201679 Potential Energy: -180137.638 Total Energy: -180136.2088
----------------------
532 step (unit is kJ/mol): 
Kinetic Energy: 1.31249816 Potential Energy: -180137.5114 Total Energy: -180136.1989
----------------------
533 step (unit is kJ/mol): 
Kinetic Energy: 1.22144162 Potential Energy: -180137.4039 Total Energy: -180136.1824
----------------------
534 step (unit is kJ/mol): 
Kinetic Energy: 1.15746465 Potential Energy: -180137.3266 Total Energy: -180136.1691
----------------------
535 step (unit is kJ/mol): 
Kinetic Energy: 1.121549875 Potential Energy: -180137.2765 Total Energy: -180136.155
----------------------
536 step (unit is kJ/mol): 
Kinetic Energy: 1.114241508 Potential Energy: -180137.2581 Total Energy: -180136.1439
----------------------
537 step (unit is kJ/mol): 
Kinetic Energy: 1.135635103 Potential Energy: -180137.2618 Total Energy: -180136.1262
----------------------
538 step (unit is kJ/mol): 
Kinetic Energy: 1.18537588 Potential Energy: -180137.2993 Total Energy: -180136.114
----------------------
539 step (unit is kJ/mol): 
Kinetic Energy: 1.262663273 Potential Energy: -180137.3634 Total Energy: -180136.1007
----------------------
540 step (unit is kJ/mol): 
Kinetic Energy: 1.295929972 Potential Energy: -180137.4304 Total Energy: -180136.1345
----------------------
541 step (unit is kJ/mol): 
Kinetic Energy: 1.354763608 Potential Energy: -180137.4768 Total Energy: -180136.122
----------------------
542 step (unit is kJ/mol): 
Kinetic Energy: 1.43827102 Potential Energy: -180137.5445 Total Energy: -180136.1062
----------------------
543 step (unit is kJ/mol): 
Kinetic Energy: 1.54520299 Potential Energy: -180137.6417 Total Energy: -180136.0965
----------------------
544 step (unit is kJ/mol): 
Kinetic Energy: 1.673956997 Potential Energy: -180137.758 Total Energy: -180136.084
----------------------
545 step (unit is kJ/mol): 
Kinetic Energy: 1.822586378 Potential Energy: -180137.8978 Total Energy: -180136.0752
----------------------
546 step (unit is kJ/mol): 
Kinetic Energy: 1.988813852 Potential Energy: -180138.0576 Total Energy: -180136.0688
----------------------
547 step (unit is kJ/mol): 
Kinetic Energy: 2.170074638 Potential Energy: -180138.2306 Total Energy: -180136.0605
----------------------
548 step (unit is kJ/mol): 
Kinetic Energy: 2.363526112 Potential Energy: -180138.4176 Total Energy: -180136.054
----------------------
549 step (unit is kJ/mol): 
Kinetic Energy: 2.566100925 Potential Energy: -180138.6156 Total Energy: -180136.0495
----------------------
550 step (unit is kJ/mol): 
Kinetic Energy: 2.629284032 Potential Energy: -180138.6951 Total Energy: -180136.0658
----------------------
551 step (unit is kJ/mol): 
Kinetic Energy: 2.693802285 Potential Energy: -180138.7628 Total Energy: -180136.069
----------------------
552 step (unit is kJ/mol): 
Kinetic Energy: 2.758604968 Potential Energy: -180138.8261 Total Energy: -180136.0675
----------------------
553 step (unit is kJ/mol): 
Kinetic Energy: 2.822125084 Potential Energy: -180138.9439 Total Energy: -180136.1218
----------------------
554 step (unit is kJ/mol): 
Kinetic Energy: 2.816541758 Potential Energy: -180140.0488 Total Energy: -180137.2323
----------------------
555 step (unit is kJ/mol): 
Kinetic Energy: 2.809063559 Potential Energy: -180140.0408 Total Energy: -180137.2317
----------------------
556 step (unit is kJ/mol): 
Kinetic Energy: 2.799894907 Potential Energy: -180140.0327 Total Energy: -180137.2328
----------------------
557 step (unit is kJ/mol): 
Kinetic Energy: 2.789346123 Potential Energy: -180140.0238 Total Energy: -180137.2345
----------------------
558 step (unit is kJ/mol): 
Kinetic Energy: 2.777699884 Potential Energy: -180140.0135 Total Energy: -180137.2358
----------------------
559 step (unit is kJ/mol): 
Kinetic Energy: 2.765285164 Potential Energy: -180140.0017 Total Energy: -180137.2364
----------------------
560 step (unit is kJ/mol): 
Kinetic Energy: 2.752387015 Potential Energy: -180139.9885 Total Energy: -180137.2361
----------------------
561 step (unit is kJ/mol): 
Kinetic Energy: 2.739329108 Potential Energy: -180139.9738 Total Energy: -180137.2344
----------------------
562 step (unit is kJ/mol): 
Kinetic Energy: 2.726384267 Potential Energy: -180139.9605 Total Energy: -180137.2341
----------------------
563 step (unit is kJ/mol): 
Kinetic Energy: 2.637763293 Potential Energy: -180139.9082 Total Energy: -180137.2705
----------------------
564 step (unit is kJ/mol): 
Kinetic Energy: 2.550905716 Potential Energy: -180139.8236 Total Energy: -180137.2727
----------------------
565 step (unit is kJ/mol): 
Kinetic Energy: 2.467550313 Potential Energy: -180139.7367 Total Energy: -180137.2692
----------------------
566 step (unit is kJ/mol): 
Kinetic Energy: 2.389389145 Potential Energy: -180139.6535 Total Energy: -180137.2641
----------------------
567 step (unit is kJ/mol): 
Kinetic Energy: 2.317989859 Potential Energy: -180139.5807 Total Energy: -180137.2627
----------------------
568 step (unit is kJ/mol): 
Kinetic Energy: 2.25479399 Potential Energy: -180139.5129 Total Energy: -180137.2581
----------------------
569 step (unit is kJ/mol): 
Kinetic Energy: 2.201030597 Potential Energy: -180139.4526 Total Energy: -180137.2515
----------------------
570 step (unit is kJ/mol): 
Kinetic Energy: 2.180998217 Potential Energy: -180154.2226 Total Energy: -180152.0416
----------------------
571 step (unit is kJ/mol): 
Kinetic Energy: 2.174137334 Potential Energy: -180154.2079 Total Energy: -180152.0337
----------------------
572 step (unit is kJ/mol): 
Kinetic Energy: 2.102196495 Potential Energy: -180154.1556 Total Energy: -180152.0534
----------------------
573 step (unit is kJ/mol): 
Kinetic Energy: 2.044846503 Potential Energy: -180154.0901 Total Energy: -180152.0452
----------------------
574 step (unit is kJ/mol): 
Kinetic Energy: 2.003137091 Potential Energy: -180154.0407 Total Energy: -180152.0376
----------------------
575 step (unit is kJ/mol): 
Kinetic Energy: 1.977797032 Potential Energy: -180154.0047 Total Energy: -180152.0269
----------------------
576 step (unit is kJ/mol): 
Kinetic Energy: 1.969176655 Potential Energy: -180153.9907 Total Energy: -180152.0215
----------------------
577 step (unit is kJ/mol): 
Kinetic Energy: 1.977241689 Potential Energy: -180153.987 Total Energy: -180152.0098
----------------------
578 step (unit is kJ/mol): 
Kinetic Energy: 2.001568085 Potential Energy: -180154.0047 Total Energy: -180152.0031
----------------------
579 step (unit is kJ/mol): 
Kinetic Energy: 1.95591694 Potential Energy: -180168.4199 Total Energy: -180166.4639
----------------------
580 step (unit is kJ/mol): 
Kinetic Energy: 1.830510423 Potential Energy: -180168.3264 Total Energy: -180166.4959
----------------------
581 step (unit is kJ/mol): 
Kinetic Energy: 1.725101468 Potential Energy: -180168.2086 Total Energy: -180166.4835
----------------------
582 step (unit is kJ/mol): 
Kinetic Energy: 1.641483463 Potential Energy: -180168.1136 Total Energy: -180166.4721
----------------------
583 step (unit is kJ/mol): 
Kinetic Energy: 1.581102983 Potential Energy: -180168.0429 Total Energy: -180166.4618
----------------------
584 step (unit is kJ/mol): 
Kinetic Energy: 1.544972374 Potential Energy: -180167.9966 Total Energy: -180166.4516
----------------------
585 step (unit is kJ/mol): 
Kinetic Energy: 1.454674028 Potential Energy: -180167.9178 Total Energy: -180166.4631
----------------------
586 step (unit is kJ/mol): 
Kinetic Energy: 1.391434489 Potential Energy: -180167.8412 Total Energy: -180166.4498
----------------------
587 step (unit is kJ/mol): 
Kinetic Energy: 1.356487147 Potential Energy: -180167.7927 Total Energy: -180166.4362
----------------------
588 step (unit is kJ/mol): 
Kinetic Energy: 1.350546891 Potential Energy: -180167.7706 Total Energy: -180166.42
----------------------
589 step (unit is kJ/mol): 
Kinetic Energy: 1.373732652 Potential Energy: -180167.7772 Total Energy: -180166.4035
----------------------
590 step (unit is kJ/mol): 
Kinetic Energy: 1.425589029 Potential Energy: -180167.8155 Total Energy: -180166.3899
----------------------
591 step (unit is kJ/mol): 
Kinetic Energy: 1.50505734 Potential Energy: -180167.8825 Total Energy: -180166.3774
----------------------
592 step (unit is kJ/mol): 
Kinetic Energy: 1.610546281 Potential Energy: -180167.9738 Total Energy: -180166.3632
----------------------
593 step (unit is kJ/mol): 
Kinetic Energy: 1.739914846 Potential Energy: -180168.093 Total Energy: -180166.3531
----------------------
594 step (unit is kJ/mol): 
Kinetic Energy: 1.813115999 Potential Energy: -180168.1858 Total Energy: -180166.3726
----------------------
595 step (unit is kJ/mol): 
Kinetic Energy: 1.906742302 Potential Energy: -180168.2667 Total Energy: -180166.36
----------------------
596 step (unit is kJ/mol): 
Kinetic Energy: 2.018853898 Potential Energy: -180168.3698 Total Energy: -180166.3509
----------------------
597 step (unit is kJ/mol): 
Kinetic Energy: 2.147182368 Potential Energy: -180168.4891 Total Energy: -180166.3419
----------------------
598 step (unit is kJ/mol): 
Kinetic Energy: 2.289100692 Potential Energy: -180168.6267 Total Energy: -180166.3376
----------------------
599 step (unit is kJ/mol): 
Kinetic Energy: 2.441720563 Potential Energy: -180168.7769 Total Energy: -180166.3352
----------------------
600 step (unit is kJ/mol): 
Kinetic Energy: 2.6019446 Potential Energy: -180168.9322 Total Energy: -180166.3303
----------------------
601 step (unit is kJ/mol): 
Kinetic Energy: 2.766545448 Potential Energy: -180169.0942 Total Energy: -180166.3276
----------------------
602 step (unit is kJ/mol): 
Kinetic Energy: 2.932232113 Potential Energy: -180169.2613 Total Energy: -180166.329
----------------------
603 step (unit is kJ/mol): 
Kinetic Energy: 3.021343259 Potential Energy: -180170.4487 Total Energy: -180167.4273
----------------------
604 step (unit is kJ/mol): 
Kinetic Energy: 3.006229301 Potential Energy: -180170.4553 Total Energy: -180167.4491
----------------------
605 step (unit is kJ/mol): 
Kinetic Energy: 2.987476012 Potential Energy: -180170.4406 Total Energy: -180167.4531
----------------------
606 step (unit is kJ/mol): 
Kinetic Energy: 2.965523863 Potential Energy: -180170.4178 Total Energy: -180167.4522
----------------------
607 step (unit is kJ/mol): 
Kinetic Energy: 2.940893864 Potential Energy: -180170.3957 Total Energy: -180167.4548
----------------------
608 step (unit is kJ/mol): 
Kinetic Energy: 2.838723364 Potential Energy: -180170.2941 Total Energy: -180167.4554
----------------------
609 step (unit is kJ/mol): 
Kinetic Energy: 2.737038109 Potential Energy: -180170.1932 Total Energy: -180167.4562
----------------------
610 step (unit is kJ/mol): 
Kinetic Energy: 2.637568972 Potential Energy: -180170.0931 Total Energy: -180167.4555
----------------------
611 step (unit is kJ/mol): 
Kinetic Energy: 2.541954036 Potential Energy: -180169.9952 Total Energy: -180167.4532
----------------------
612 step (unit is kJ/mol): 
Kinetic Energy: 2.451698942 Potential Energy: -180169.8988 Total Energy: -180167.4471
----------------------
613 step (unit is kJ/mol): 
Kinetic Energy: 2.368153023 Potential Energy: -180169.8148 Total Energy: -180167.4467
----------------------
614 step (unit is kJ/mol): 
Kinetic Energy: 2.292482995 Potential Energy: -180169.7346 Total Energy: -180167.4421
----------------------
615 step (unit is kJ/mol): 
Kinetic Energy: 2.225677248 Potential Energy: -180169.6632 Total Energy: -180167.4375
----------------------
616 step (unit is kJ/mol): 
Kinetic Energy: 2.16855084 Potential Energy: -180169.6021 Total Energy: -180167.4336
----------------------
617 step (unit is kJ/mol): 
Kinetic Energy: 2.050725235 Potential Energy: -180169.5278 Total Energy: -180167.477
----------------------
618 step (unit is kJ/mol): 
Kinetic Energy: 1.944893051 Potential Energy: -180169.4181 Total Energy: -180167.4732
----------------------
619 step (unit is kJ/mol): 
Kinetic Energy: 1.852392978 Potential Energy: -180169.3187 Total Energy: -180167.4663
----------------------
620 step (unit is kJ/mol): 
Kinetic Energy: 1.774373388 Potential Energy: -180169.234 Total Energy: -180167.4597
----------------------
621 step (unit is kJ/mol): 
Kinetic Energy: 1.711758256 Potential Energy: -180169.1634 Total Energy: -180167.4516
----------------------
622 step (unit is kJ/mol): 
Kinetic Energy: 1.665222763 Potential Energy: -180169.1074 Total Energy: -180167.4422
----------------------
623 step (unit is kJ/mol): 
Kinetic Energy: 1.635213875 Potential Energy: -180169.0691 Total Energy: -180167.4339
----------------------
624 step (unit is kJ/mol): 
Kinetic Energy: 1.621953794 Potential Energy: -180169.0493 Total Energy: -180167.4273
----------------------
625 step (unit is kJ/mol): 
Kinetic Energy: 1.625435634 Potential Energy: -180169.0426 Total Energy: -180167.4172
----------------------
626 step (unit is kJ/mol): 
Kinetic Energy: 1.645419613 Potential Energy: -180169.0522 Total Energy: -180167.4068
----------------------
627 step (unit is kJ/mol): 
Kinetic Energy: 1.681433765 Potential Energy: -180169.0824 Total Energy: -180167.401
----------------------
628 step (unit is kJ/mol): 
Kinetic Energy: 1.732809261 Potential Energy: -180169.1266 Total Energy: -180167.3937
----------------------
629 step (unit is kJ/mol): 
Kinetic Energy: 1.728738271 Potential Energy: -180168.093 Total Energy: -180166.3643
----------------------
630 step (unit is kJ/mol): 
Kinetic Energy: 1.739728821 Potential Energy: -180168.0982 Total Energy: -180166.3584
----------------------
631 step (unit is kJ/mol): 
Kinetic Energy: 1.765626761 Potential Energy: -180168.1173 Total Energy: -180166.3517
----------------------
632 step (unit is kJ/mol): 
Kinetic Energy: 1.647178346 Potential Energy: -180168.1261 Total Energy: -180166.479
----------------------
633 step (unit is kJ/mol): 
Kinetic Energy: 1.546809319 Potential Energy: -180168.0201 Total Energy: -180166.4733
----------------------
634 step (unit is kJ/mol): 
Kinetic Energy: 1.466061089 Potential Energy: -180167.9266 Total Energy: -180166.4606
----------------------
635 step (unit is kJ/mol): 
Kinetic Energy: 1.406218104 Potential Energy: -180167.8567 Total Energy: -180166.4505
----------------------
636 step (unit is kJ/mol): 
Kinetic Energy: 1.368200735 Potential Energy: -180167.8081 Total Energy: -180166.4399
----------------------
637 step (unit is kJ/mol): 
Kinetic Energy: 1.352566673 Potential Energy: -180167.7794 Total Energy: -180166.4268
----------------------
638 step (unit is kJ/mol): 
Kinetic Energy: 1.359506682 Potential Energy: -180167.775 Total Energy: -180166.4155
----------------------
639 step (unit is kJ/mol): 
Kinetic Energy: 1.388827548 Potential Energy: -180167.7941 Total Energy: -180166.4053
----------------------
640 step (unit is kJ/mol): 
Kinetic Energy: 1.439981457 Potential Energy: -180167.8339 Total Energy: -180166.3939
----------------------
641 step (unit is kJ/mol): 
Kinetic Energy: 1.440357514 Potential Energy: -180167.8516 Total Energy: -180166.4112
----------------------
642 step (unit is kJ/mol): 
Kinetic Energy: 1.461494728 Potential Energy: -180167.8604 Total Energy: -180166.3989
----------------------
643 step (unit is kJ/mol): 
Kinetic Energy: 1.503053258 Potential Energy: -180167.8906 Total Energy: -180166.3875
----------------------
644 step (unit is kJ/mol): 
Kinetic Energy: 1.56441578 Potential Energy: -180167.9436 Total Energy: -180166.3792
----------------------
645 step (unit is kJ/mol): 
Kinetic Energy: 1.644696301 Potential Energy: -180168.0157 Total Energy: -180166.371
----------------------
646 step (unit is kJ/mol): 
Kinetic Energy: 1.742694124 Potential Energy: -180168.1011 Total Energy: -180166.3584
----------------------
647 step (unit is kJ/mol): 
Kinetic Energy: 1.856941555 Potential Energy: -180168.2101 Total Energy: -180166.3531
----------------------
648 step (unit is kJ/mol): 
Kinetic Energy: 1.985690913 Potential Energy: -180168.3293 Total Energy: -180166.3436
----------------------
649 step (unit is kJ/mol): 
Kinetic Energy: 2.126950011 Potential Energy: -180168.4648 Total Energy: -180166.3378
----------------------
650 step (unit is kJ/mol): 
Kinetic Energy: 2.278487584 Potential Energy: -180168.6135 Total Energy: -180166.335
----------------------
651 step (unit is kJ/mol): 
Kinetic Energy: 2.437860734 Potential Energy: -180168.7673 Total Energy: -180166.3295
----------------------
652 step (unit is kJ/mol): 
Kinetic Energy: 2.6024441 Potential Energy: -180168.9344 Total Energy: -180166.332
----------------------
653 step (unit is kJ/mol): 
Kinetic Energy: 2.769448178 Potential Energy: -180169.0978 Total Energy: -180166.3284
----------------------
654 step (unit is kJ/mol): 
Kinetic Energy: 2.935987942 Potential Energy: -180169.2657 Total Energy: -180166.3297
----------------------
655 step (unit is kJ/mol): 
Kinetic Energy: 3.022955329 Potential Energy: -180170.3787 Total Energy: -180167.3558
----------------------
656 step (unit is kJ/mol): 
Kinetic Energy: 3.027111708 Potential Energy: -180170.4288 Total Energy: -180167.4017
----------------------
657 step (unit is kJ/mol): 
Kinetic Energy: 2.937394523 Potential Energy: -180170.3449 Total Energy: -180167.4075
----------------------
658 step (unit is kJ/mol): 
Kinetic Energy: 2.841869558 Potential Energy: -180170.2529 Total Energy: -180167.411
----------------------
659 step (unit is kJ/mol): 
Kinetic Energy: 2.742225774 Potential Energy: -180170.1549 Total Energy: -180167.4127
----------------------
660 step (unit is kJ/mol): 
Kinetic Energy: 2.64027497 Potential Energy: -180170.0541 Total Energy: -180167.4138
----------------------
661 step (unit is kJ/mol): 
Kinetic Energy: 2.537908885 Potential Energy: -180169.9518 Total Energy: -180167.4139
----------------------
662 step (unit is kJ/mol): 
Kinetic Energy: 2.437058391 Potential Energy: -180169.8502 Total Energy: -180167.4131
----------------------
663 step (unit is kJ/mol): 
Kinetic Energy: 2.339614781 Potential Energy: -180169.7523 Total Energy: -180167.4127
----------------------
664 step (unit is kJ/mol): 
Kinetic Energy: 2.167308092 Potential Energy: -180169.6028 Total Energy: -180167.4355
----------------------
665 step (unit is kJ/mol): 
Kinetic Energy: 2.003590909 Potential Energy: -180169.4313 Total Energy: -180167.4277
----------------------
666 step (unit is kJ/mol): 
Kinetic Energy: 1.851759217 Potential Energy: -180169.2723 Total Energy: -180167.4206
----------------------
667 step (unit is kJ/mol): 
Kinetic Energy: 1.714938935 Potential Energy: -180169.1288 Total Energy: -180167.4138
----------------------
668 step (unit is kJ/mol): 
Kinetic Energy: 1.595948913 Potential Energy: -180169.0007 Total Energy: -180167.4047
----------------------
669 step (unit is kJ/mol): 
Kinetic Energy: 1.497257288 Potential Energy: -180168.8917 Total Energy: -180167.3945
----------------------
670 step (unit is kJ/mol): 
Kinetic Energy: 1.420898701 Potential Energy: -180168.8049 Total Energy: -180167.384
----------------------
671 step (unit is kJ/mol): 
Kinetic Energy: 1.368433547 Potential Energy: -180168.7386 Total Energy: -180167.3702
----------------------
672 step (unit is kJ/mol): 
Kinetic Energy: 1.340892704 Potential Energy: -180168.6974 Total Energy: -180167.3565
----------------------
673 step (unit is kJ/mol): 
Kinetic Energy: 1.338776603 Potential Energy: -180168.6834 Total Energy: -180167.3446
----------------------
674 step (unit is kJ/mol): 
Kinetic Energy: 1.362002736 Potential Energy: -180168.6944 Total Energy: -180167.3324
----------------------
675 step (unit is kJ/mol): 
Kinetic Energy: 1.409935682 Potential Energy: -180168.729 Total Energy: -180167.3191
----------------------
676 step (unit is kJ/mol): 
Kinetic Energy: 1.481401051 Potential Energy: -180168.7872 Total Energy: -180167.3058
----------------------
677 step (unit is kJ/mol): 
Kinetic Energy: 1.574701368 Potential Energy: -180168.8718 Total Energy: -180167.2971
----------------------
678 step (unit is kJ/mol): 
Kinetic Energy: 1.609174801 Potential Energy: -180168.9712 Total Energy: -180167.3621
----------------------
679 step (unit is kJ/mol): 
Kinetic Energy: 1.662208404 Potential Energy: -180169.0176 Total Energy: -180167.3554
----------------------
680 step (unit is kJ/mol): 
Kinetic Energy: 1.654098228 Potential Energy: -180168.0842 Total Energy: -180166.4301
----------------------
681 step (unit is kJ/mol): 
Kinetic Energy: 1.662948183 Potential Energy: -180168.0864 Total Energy: -180166.4234
----------------------
682 step (unit is kJ/mol): 
Kinetic Energy: 1.688434953 Potential Energy: -180168.1004 Total Energy: -180166.4119
----------------------
683 step (unit is kJ/mol): 
Kinetic Energy: 1.729953561 Potential Energy: -180168.1364 Total Energy: -180166.4065
----------------------
684 step (unit is kJ/mol): 
Kinetic Energy: 1.786568053 Potential Energy: -180168.1872 Total Energy: -180166.4007
----------------------
685 step (unit is kJ/mol): 
Kinetic Energy: 1.752618575 Potential Energy: -180168.1828 Total Energy: -180166.4302
----------------------
686 step (unit is kJ/mol): 
Kinetic Energy: 1.655099609 Potential Energy: -180168.1482 Total Energy: -180166.4931
----------------------
687 step (unit is kJ/mol): 
Kinetic Energy: 1.57499665 Potential Energy: -180168.0584 Total Energy: -180166.4834
----------------------
688 step (unit is kJ/mol): 
Kinetic Energy: 1.514013334 Potential Energy: -180167.987 Total Energy: -180166.473
----------------------
689 step (unit is kJ/mol): 
Kinetic Energy: 1.473502124 Potential Energy: -180167.9369 Total Energy: -180166.4634
----------------------
690 step (unit is kJ/mol): 
Kinetic Energy: 1.454394024 Potential Energy: -180167.9046 Total Energy: -180166.4502
----------------------
691 step (unit is kJ/mol): 
Kinetic Energy: 1.457175581 Potential Energy: -180167.9001 Total Energy: -180166.443
----------------------
692 step (unit is kJ/mol): 
Kinetic Energy: 1.481865832 Potential Energy: -180167.9104 Total Energy: -180166.4286
----------------------
693 step (unit is kJ/mol): 
Kinetic Energy: 1.528051634 Potential Energy: -180167.9473 Total Energy: -180166.4192
----------------------
694 step (unit is kJ/mol): 
Kinetic Energy: 1.594861572 Potential Energy: -180168.0025 Total Energy: -180166.4076
----------------------
695 step (unit is kJ/mol): 
Kinetic Energy: 1.680992722 Potential Energy: -180168.0812 Total Energy: -180166.4002
----------------------
696 step (unit is kJ/mol): 
Kinetic Energy: 1.784755764 Potential Energy: -180168.174 Total Energy: -180166.3892
----------------------
697 step (unit is kJ/mol): 
Kinetic Energy: 1.904118685 Potential Energy: -180168.2881 Total Energy: -180166.384
----------------------
698 step (unit is kJ/mol): 
Kinetic Energy: 2.036737092 Potential Energy: -180168.4169 Total Energy: -180166.3802
----------------------
699 step (unit is kJ/mol): 
Kinetic Energy: 2.180005071 Potential Energy: -180168.5524 Total Energy: -180166.3724
----------------------
700 step (unit is kJ/mol): 
Kinetic Energy: 2.26185282 Potential Energy: -180168.679 Total Energy: -180166.4171
----------------------
701 step (unit is kJ/mol): 
Kinetic Energy: 2.350223773 Potential Energy: -180168.7622 Total Energy: -180166.4119
----------------------
702 step (unit is kJ/mol): 
Kinetic Energy: 2.443302518 Potential Energy: -180168.8542 Total Energy: -180166.4109
----------------------
703 step (unit is kJ/mol): 
Kinetic Energy: 2.53922005 Potential Energy: -180168.9484 Total Energy: -180166.4092
----------------------
704 step (unit is kJ/mol): 
Kinetic Energy: 2.636056636 Potential Energy: -180169.0448 Total Energy: -180166.4088
----------------------
705 step (unit is kJ/mol): 
Kinetic Energy: 2.657163509 Potential Energy: -180170.0791 Total Energy: -180167.422
----------------------
706 step (unit is kJ/mol): 
Kinetic Energy: 2.677126684 Potential Energy: -180170.1019 Total Energy: -180167.4248
----------------------
707 step (unit is kJ/mol): 
Kinetic Energy: 2.695538972 Potential Energy: -180170.1167 Total Energy: -180167.4211
----------------------
708 step (unit is kJ/mol): 
Kinetic Energy: 2.71204005 Potential Energy: -180170.1365 Total Energy: -180167.4245
----------------------
709 step (unit is kJ/mol): 
Kinetic Energy: 2.656143154 Potential Energy: -180170.1196 Total Energy: -180167.4635
----------------------
710 step (unit is kJ/mol): 
Kinetic Energy: 2.495211408 Potential Energy: -180169.9805 Total Energy: -180167.4853
----------------------
711 step (unit is kJ/mol): 
Kinetic Energy: 2.335855458 Potential Energy: -180169.8215 Total Energy: -180167.4856
----------------------
712 step (unit is kJ/mol): 
Kinetic Energy: 2.180786223 Potential Energy: -180169.6617 Total Energy: -180167.4809
----------------------
713 step (unit is kJ/mol): 
Kinetic Energy: 2.032642538 Potential Energy: -180169.5086 Total Energy: -180167.476
----------------------
714 step (unit is kJ/mol): 
Kinetic Energy: 1.893887808 Potential Energy: -180169.3651 Total Energy: -180167.4712
----------------------
715 step (unit is kJ/mol): 
Kinetic Energy: 1.766784232 Potential Energy: -180169.2333 Total Energy: -180167.4665
----------------------
716 step (unit is kJ/mol): 
Kinetic Energy: 1.65335699 Potential Energy: -180169.1111 Total Energy: -180167.4577
----------------------
717 step (unit is kJ/mol): 
Kinetic Energy: 1.54293684 Potential Energy: -180153.2722 Total Energy: -180151.7293
----------------------
718 step (unit is kJ/mol): 
Kinetic Energy: 1.450904642 Potential Energy: -180153.1706 Total Energy: -180151.7197
----------------------
719 step (unit is kJ/mol): 
Kinetic Energy: 1.378659753 Potential Energy: -180153.0867 Total Energy: -180151.708
----------------------
720 step (unit is kJ/mol): 
Kinetic Energy: 1.327267179 Potential Energy: -180153.0293 Total Energy: -180151.702
----------------------
721 step (unit is kJ/mol): 
Kinetic Energy: 1.297443295 Potential Energy: -180152.9844 Total Energy: -180151.6869
----------------------
722 step (unit is kJ/mol): 
Kinetic Energy: 1.289546333 Potential Energy: -180152.966 Total Energy: -180151.6764
----------------------
723 step (unit is kJ/mol): 
Kinetic Energy: 1.237057728 Potential Energy: -180152.9122 Total Energy: -180151.6752
----------------------
724 step (unit is kJ/mol): 
Kinetic Energy: 1.207451894 Potential Energy: -180152.8695 Total Energy: -180151.6621
----------------------
725 step (unit is kJ/mol): 
Kinetic Energy: 1.201030764 Potential Energy: -180152.8526 Total Energy: -180151.6516
----------------------
726 step (unit is kJ/mol): 
Kinetic Energy: 1.217786689 Potential Energy: -180152.8556 Total Energy: -180151.6378
----------------------
727 step (unit is kJ/mol): 
Kinetic Energy: 1.257347241 Potential Energy: -180152.885 Total Energy: -180151.6277
----------------------
728 step (unit is kJ/mol): 
Kinetic Energy: 1.318976974 Potential Energy: -180152.9351 Total Energy: -180151.6161
----------------------
729 step (unit is kJ/mol): 
Kinetic Energy: 1.401618741 Potential Energy: -180153.0072 Total Energy: -180151.6056
----------------------
730 step (unit is kJ/mol): 
Kinetic Energy: 1.431409506 Potential Energy: -180152.126 Total Energy: -180150.6946
----------------------
731 step (unit is kJ/mol): 
Kinetic Energy: 1.479424211 Potential Energy: -180152.1658 Total Energy: -180150.6864
----------------------
732 step (unit is kJ/mol): 
Kinetic Energy: 1.544885848 Potential Energy: -180152.2203 Total Energy: -180150.6754
----------------------
733 step (unit is kJ/mol): 
Kinetic Energy: 1.55509513 Potential Energy: -180152.2261 Total Energy: -180150.6711
----------------------
734 step (unit is kJ/mol): 
Kinetic Energy: 1.581746429 Potential Energy: -180152.2438 Total Energy: -180150.6621
----------------------
735 step (unit is kJ/mol): 
Kinetic Energy: 1.624480598 Potential Energy: -180152.2806 Total Energy: -180150.6561
----------------------
736 step (unit is kJ/mol): 
Kinetic Energy: 1.682718927 Potential Energy: -180152.3299 Total Energy: -180150.6472
----------------------
737 step (unit is kJ/mol): 
Kinetic Energy: 1.75568443 Potential Energy: -180152.394 Total Energy: -180150.6383
----------------------
738 step (unit is kJ/mol): 
Kinetic Energy: 1.842321951 Potential Energy: -180152.4742 Total Energy: -180150.6319
----------------------
739 step (unit is kJ/mol): 
Kinetic Energy: 1.847139796 Potential Energy: -180152.5618 Total Energy: -180150.7147
----------------------
740 step (unit is kJ/mol): 
Kinetic Energy: 1.865118909 Potential Energy: -180152.5714 Total Energy: -180150.7063
----------------------
741 step (unit is kJ/mol): 
Kinetic Energy: 1.896036926 Potential Energy: -180152.5979 Total Energy: -180150.7019
----------------------
742 step (unit is kJ/mol): 
Kinetic Energy: 1.939478951 Potential Energy: -180152.6354 Total Energy: -180150.696
----------------------
743 step (unit is kJ/mol): 
Kinetic Energy: 1.99483442 Potential Energy: -180152.6833 Total Energy: -180150.6885
----------------------
744 step (unit is kJ/mol): 
Kinetic Energy: 2.061258349 Potential Energy: -180152.7444 Total Energy: -180150.6831
----------------------
745 step (unit is kJ/mol): 
Kinetic Energy: 2.137723711 Potential Energy: -180152.8165 Total Energy: -180150.6788
----------------------
746 step (unit is kJ/mol): 
Kinetic Energy: 2.14994906 Potential Energy: -180152.8482 Total Energy: -180150.6982
----------------------
747 step (unit is kJ/mol): 
Kinetic Energy: 2.170695579 Potential Energy: -180152.8688 Total Energy: -180150.6981
----------------------
748 step (unit is kJ/mol): 
Kinetic Energy: 2.1998058 Potential Energy: -180152.8938 Total Energy: -180150.694
----------------------
749 step (unit is kJ/mol): 
Kinetic Energy: 2.237017813 Potential Energy: -180152.924 Total Energy: -180150.687
----------------------
750 step (unit is kJ/mol): 
Kinetic Energy: 2.281956415 Potential Energy: -180152.9667 Total Energy: -180150.6848
----------------------
751 step (unit is kJ/mol): 
Kinetic Energy: 2.334109994 Potential Energy: -180153.016 Total Energy: -180150.6819
----------------------
752 step (unit is kJ/mol): 
Kinetic Energy: 2.39281598 Potential Energy: -180153.072 Total Energy: -180150.6792
----------------------
753 step (unit is kJ/mol): 
Kinetic Energy: 2.457285112 Potential Energy: -180153.1338 Total Energy: -180150.6765
----------------------
754 step (unit is kJ/mol): 
Kinetic Energy: 2.526573848 Potential Energy: -180153.1986 Total Energy: -180150.672
----------------------
755 step (unit is kJ/mol): 
Kinetic Energy: 2.599641255 Potential Energy: -180153.27 Total Energy: -180150.6704
----------------------
756 step (unit is kJ/mol): 
Kinetic Energy: 2.595742198 Potential Energy: -180153.3201 Total Energy: -180150.7243
----------------------
757 step (unit is kJ/mol): 
Kinetic Energy: 2.594206337 Potential Energy: -180153.3208 Total Energy: -180150.7266
----------------------
758 step (unit is kJ/mol): 
Kinetic Energy: 2.519431826 Potential Energy: -180154.2101 Total Energy: -180151.6906
----------------------
759 step (unit is kJ/mol): 
Kinetic Energy: 2.449607365 Potential Energy: -180154.1372 Total Energy: -180151.6876
----------------------
760 step (unit is kJ/mol): 
Kinetic Energy: 2.386226725 Potential Energy: -180154.0695 Total Energy: -180151.6832
----------------------
761 step (unit is kJ/mol): 
Kinetic Energy: 2.330658271 Potential Energy: -180154.0091 Total Energy: -180151.6784
----------------------
762 step (unit is kJ/mol): 
Kinetic Energy: 2.284067884 Potential Energy: -180153.9598 Total Energy: -180151.6757
----------------------
763 step (unit is kJ/mol): 
Kinetic Energy: 2.247371001 Potential Energy: -180153.92 Total Energy: -180151.6726
----------------------
764 step (unit is kJ/mol): 
Kinetic Energy: 2.221245247 Potential Energy: -180153.8854 Total Energy: -180151.6642
----------------------
765 step (unit is kJ/mol): 
Kinetic Energy: 2.206070401 Potential Energy: -180153.8655 Total Energy: -180151.6595
----------------------
766 step (unit is kJ/mol): 
Kinetic Energy: 2.099534913 Potential Energy: -180153.7802 Total Energy: -180151.6806
----------------------
767 step (unit is kJ/mol): 
Kinetic Energy: 2.004335951 Potential Energy: -180153.6771 Total Energy: -180151.6728
----------------------
768 step (unit is kJ/mol): 
Kinetic Energy: 1.843532636 Potential Energy: -180153.563 Total Energy: -180151.7195
----------------------
769 step (unit is kJ/mol): 
Kinetic Energy: 1.698476381 Potential Energy: -180153.4113 Total Energy: -180151.7129
----------------------
770 step (unit is kJ/mol): 
Kinetic Energy: 1.571954755 Potential Energy: -180153.2744 Total Energy: -180151.7025
----------------------
771 step (unit is kJ/mol): 
Kinetic Energy: 1.466425621 Potential Energy: -180153.1588 Total Energy: -180151.6924
----------------------
772 step (unit is kJ/mol): 
Kinetic Energy: 1.383946176 Potential Energy: -180153.0639 Total Energy: -180151.6799
----------------------
773 step (unit is kJ/mol): 
Kinetic Energy: 1.326137982 Potential Energy: -180152.9939 Total Energy: -180151.6678
----------------------
774 step (unit is kJ/mol): 
Kinetic Energy: 1.294113209 Potential Energy: -180152.9476 Total Energy: -180151.6535
----------------------
775 step (unit is kJ/mol): 
Kinetic Energy: 1.288474482 Potential Energy: -180152.9292 Total Energy: -180151.6407
----------------------
776 step (unit is kJ/mol): 
Kinetic Energy: 1.309297384 Potential Energy: -180152.9358 Total Energy: -180151.6265
----------------------
777 step (unit is kJ/mol): 
Kinetic Energy: 1.356116683 Potential Energy: -180152.9704 Total Energy: -180151.6143
----------------------
778 step (unit is kJ/mol): 
Kinetic Energy: 1.350231268 Potential Energy: -180153.0256 Total Energy: -180151.6754
----------------------
779 step (unit is kJ/mol): 
Kinetic Energy: 1.369470641 Potential Energy: -180153.0308 Total Energy: -180151.6613
----------------------
780 step (unit is kJ/mol): 
Kinetic Energy: 1.413455917 Potential Energy: -180153.0631 Total Energy: -180151.6497
----------------------
781 step (unit is kJ/mol): 
Kinetic Energy: 1.481325044 Potential Energy: -180153.1206 Total Energy: -180151.6392
----------------------
782 step (unit is kJ/mol): 
Kinetic Energy: 1.494537048 Potential Energy: -180152.2482 Total Energy: -180150.7537
----------------------
783 step (unit is kJ/mol): 
Kinetic Energy: 1.529424532 Potential Energy: -180152.2725 Total Energy: -180150.7431
----------------------
784 step (unit is kJ/mol): 
Kinetic Energy: 1.585262159 Potential Energy: -180152.3174 Total Energy: -180150.7322
----------------------
785 step (unit is kJ/mol): 
Kinetic Energy: 1.660924086 Potential Energy: -180152.3844 Total Energy: -180150.7235
----------------------
786 step (unit is kJ/mol): 
Kinetic Energy: 1.754845814 Potential Energy: -180152.4698 Total Energy: -180150.715
----------------------
787 step (unit is kJ/mol): 
Kinetic Energy: 1.865073765 Potential Energy: -180152.5699 Total Energy: -180150.7049
----------------------
788 step (unit is kJ/mol): 
Kinetic Energy: 1.989313834 Potential Energy: -180152.6877 Total Energy: -180150.6984
----------------------
789 step (unit is kJ/mol): 
Kinetic Energy: 2.124997438 Potential Energy: -180152.821 Total Energy: -180150.696
----------------------
790 step (unit is kJ/mol): 
Kinetic Energy: 2.197186373 Potential Energy: -180168.3764 Total Energy: -180166.1792
----------------------
791 step (unit is kJ/mol): 
Kinetic Energy: 2.278894233 Potential Energy: -180168.4545 Total Energy: -180166.1756
----------------------
792 step (unit is kJ/mol): 
Kinetic Energy: 2.368330043 Potential Energy: -180168.5435 Total Energy: -180166.1752
----------------------
793 step (unit is kJ/mol): 
Kinetic Energy: 2.352501678 Potential Energy: -180168.5943 Total Energy: -180166.2418
----------------------
794 step (unit is kJ/mol): 
Kinetic Energy: 2.344026298 Potential Energy: -180168.5803 Total Energy: -180166.2363
----------------------
795 step (unit is kJ/mol): 
Kinetic Energy: 2.343146116 Potential Energy: -180168.5752 Total Energy: -180166.232
----------------------
796 step (unit is kJ/mol): 
Kinetic Energy: 2.34997679 Potential Energy: -180168.5789 Total Energy: -180166.2289
----------------------
797 step (unit is kJ/mol): 
Kinetic Energy: 2.364484942 Potential Energy: -180168.5899 Total Energy: -180166.2254
----------------------
798 step (unit is kJ/mol): 
Kinetic Energy: 2.386459838 Potential Energy: -180168.6076 Total Energy: -180166.2211
----------------------
799 step (unit is kJ/mol): 
Kinetic Energy: 2.415545973 Potential Energy: -180168.6326 Total Energy: -180166.2171
----------------------
800 step (unit is kJ/mol): 
Kinetic Energy: 2.383690904 Potential Energy: -180168.6547 Total Energy: -180166.271
----------------------
801 step (unit is kJ/mol): 
Kinetic Energy: 2.347987485 Potential Energy: -180153.0882 Total Energy: -180150.7402
----------------------
802 step (unit is kJ/mol): 
Kinetic Energy: 2.318810574 Potential Energy: -180153.0565 Total Energy: -180150.7377
----------------------
803 step (unit is kJ/mol): 
Kinetic Energy: 2.296523943 Potential Energy: -180153.0315 Total Energy: -180150.735
----------------------
804 step (unit is kJ/mol): 
Kinetic Energy: 2.281299819 Potential Energy: -180153.0116 Total Energy: -180150.7303
----------------------
805 step (unit is kJ/mol): 
Kinetic Energy: 2.273167883 Potential Energy: -180153.0013 Total Energy: -180150.7281
----------------------
806 step (unit is kJ/mol): 
Kinetic Energy: 2.272029237 Potential Energy: -180152.9954 Total Energy: -180150.7234
----------------------
807 step (unit is kJ/mol): 
Kinetic Energy: 2.277616806 Potential Energy: -180152.9969 Total Energy: -180150.7193
----------------------
808 step (unit is kJ/mol): 
Kinetic Energy: 2.217612092 Potential Energy: -180153.8773 Total Energy: -180151.6597
----------------------
809 step (unit is kJ/mol): 
Kinetic Energy: 2.166019529 Potential Energy: -180153.8214 Total Energy: -180151.6554
----------------------
810 step (unit is kJ/mol): 
Kinetic Energy: 2.123513739 Potential Energy: -180153.775 Total Energy: -180151.6515
----------------------
811 step (unit is kJ/mol): 
Kinetic Energy: 2.090620546 Potential Energy: -180153.7382 Total Energy: -180151.6476
----------------------
812 step (unit is kJ/mol): 
Kinetic Energy: 2.067706789 Potential Energy: -180153.7102 Total Energy: -180151.6425
----------------------
813 step (unit is kJ/mol): 
Kinetic Energy: 1.985488294 Potential Energy: -180153.6535 Total Energy: -180151.668
----------------------
814 step (unit is kJ/mol): 
Kinetic Energy: 1.91485643 Potential Energy: -180153.5762 Total Energy: -180151.6614
----------------------
815 step (unit is kJ/mol): 
Kinetic Energy: 1.85678263 Potential Energy: -180153.5137 Total Energy: -180151.6569
----------------------
816 step (unit is kJ/mol): 
Kinetic Energy: 1.812077387 Potential Energy: -180153.4629 Total Energy: -180151.6508
----------------------
817 step (unit is kJ/mol): 
Kinetic Energy: 1.781357751 Potential Energy: -180153.4216 Total Energy: -180151.6403
----------------------
818 step (unit is kJ/mol): 
Kinetic Energy: 1.765043948 Potential Energy: -180153.3988 Total Energy: -180151.6338
----------------------
819 step (unit is kJ/mol): 
Kinetic Energy: 1.661822405 Potential Energy: -180153.3031 Total Energy: -180151.6413
----------------------
820 step (unit is kJ/mol): 
Kinetic Energy: 1.574930744 Potential Energy: -180153.2067 Total Energy: -180151.6318
----------------------
821 step (unit is kJ/mol): 
Kinetic Energy: 1.505834307 Potential Energy: -180153.1257 Total Energy: -180151.6199
----------------------
822 step (unit is kJ/mol): 
Kinetic Energy: 1.455747765 Potential Energy: -180153.0676 Total Energy: -180151.6118
----------------------
823 step (unit is kJ/mol): 
Kinetic Energy: 1.359778057 Potential Energy: -180152.9645 Total Energy: -180151.6047
----------------------
824 step (unit is kJ/mol): 
Kinetic Energy: 1.285527499 Potential Energy: -180152.8798 Total Energy: -180151.5943
----------------------
825 step (unit is kJ/mol): 
Kinetic Energy: 1.234222332 Potential Energy: -180152.8143 Total Energy: -180151.5801
----------------------
826 step (unit is kJ/mol): 
Kinetic Energy: 1.206754822 Potential Energy: -180152.7775 Total Energy: -180151.5708
----------------------
827 step (unit is kJ/mol): 
Kinetic Energy: 1.203617441 Potential Energy: -180152.7628 Total Energy: -180151.5592
----------------------
828 step (unit is kJ/mol): 
Kinetic Energy: 1.224916793 Potential Energy: -180152.7702 Total Energy: -180151.5452
----------------------
829 step (unit is kJ/mol): 
Kinetic Energy: 1.270356625 Potential Energy: -180152.807 Total Energy: -180151.5366
----------------------
830 step (unit is kJ/mol): 
Kinetic Energy: 1.339252085 Potential Energy: -180152.8629 Total Energy: -180151.5237
----------------------
831 step (unit is kJ/mol): 
Kinetic Energy: 1.43051685 Potential Energy: -180152.9424 Total Energy: -180151.5119
----------------------
832 step (unit is kJ/mol): 
Kinetic Energy: 1.542703248 Potential Energy: -180153.044 Total Energy: -180151.5013
----------------------
833 step (unit is kJ/mol): 
Kinetic Energy: 1.600956699 Potential Energy: -180152.193 Total Energy: -180150.5921
----------------------
834 step (unit is kJ/mol): 
Kinetic Energy: 1.676685577 Potential Energy: -180152.26 Total Energy: -180150.5833
----------------------
835 step (unit is kJ/mol): 
Kinetic Energy: 1.768666174 Potential Energy: -180152.3439 Total Energy: -180150.5753
----------------------
836 step (unit is kJ/mol): 
Kinetic Energy: 1.875431402 Potential Energy: -180152.444 Total Energy: -180150.5686
----------------------
837 step (unit is kJ/mol): 
Kinetic Energy: 1.921264854 Potential Energy: -180152.4875 Total Energy: -180150.5662
----------------------
838 step (unit is kJ/mol): 
Kinetic Energy: 1.979483789 Potential Energy: -180152.5434 Total Energy: -180150.5639
----------------------
839 step (unit is kJ/mol): 
Kinetic Energy: 2.049256351 Potential Energy: -180152.606 Total Energy: -180150.5567
----------------------
840 step (unit is kJ/mol): 
Kinetic Energy: 2.129633751 Potential Energy: -180152.6804 Total Energy: -180150.5507
----------------------
841 step (unit is kJ/mol): 
Kinetic Energy: 2.219494178 Potential Energy: -180152.7694 Total Energy: -180150.5499
----------------------
842 step (unit is kJ/mol): 
Kinetic Energy: 2.317570863 Potential Energy: -180152.8614 Total Energy: -180150.5439
----------------------
843 step (unit is kJ/mol): 
Kinetic Energy: 2.422474298 Potential Energy: -180152.9623 Total Energy: -180150.5398
----------------------
844 step (unit is kJ/mol): 
Kinetic Energy: 2.532686531 Potential Energy: -180153.0705 Total Energy: -180150.5378
----------------------
845 step (unit is kJ/mol): 
Kinetic Energy: 2.576086644 Potential Energy: -180153.1787 Total Energy: -180150.6026
----------------------
846 step (unit is kJ/mol): 
Kinetic Energy: 2.622121414 Potential Energy: -180153.2236 Total Energy: -180150.6015
----------------------
847 step (unit is kJ/mol): 
Kinetic Energy: 2.67036599 Potential Energy: -180153.2744 Total Energy: -180150.6041
----------------------
848 step (unit is kJ/mol): 
Kinetic Energy: 2.720395553 Potential Energy: -180153.3201 Total Energy: -180150.5997
----------------------
849 step (unit is kJ/mol): 
Kinetic Energy: 2.672291657 Potential Energy: -180153.3554 Total Energy: -180150.6831
----------------------
850 step (unit is kJ/mol): 
Kinetic Energy: 2.627023721 Potential Energy: -180153.3083 Total Energy: -180150.6813
----------------------
851 step (unit is kJ/mol): 
Kinetic Energy: 2.585635403 Potential Energy: -180153.2626 Total Energy: -180150.677
----------------------
852 step (unit is kJ/mol): 
Kinetic Energy: 2.549144713 Potential Energy: -180153.2251 Total Energy: -180150.676
----------------------
853 step (unit is kJ/mol): 
Kinetic Energy: 2.518463651 Potential Energy: -180153.192 Total Energy: -180150.6735
----------------------
854 step (unit is kJ/mol): 
Kinetic Energy: 2.494352451 Potential Energy: -180153.1633 Total Energy: -180150.6689
----------------------
855 step (unit is kJ/mol): 
Kinetic Energy: 2.477417665 Potential Energy: -180153.1426 Total Energy: -180150.6652
----------------------
856 step (unit is kJ/mol): 
Kinetic Energy: 2.468095457 Potential Energy: -180153.1309 Total Energy: -180150.6628
----------------------
857 step (unit is kJ/mol): 
Kinetic Energy: 2.466625708 Potential Energy: -180153.1235 Total Energy: -180150.6569
----------------------
858 step (unit is kJ/mol): 
Kinetic Energy: 2.473059242 Potential Energy: -180153.1294 Total Energy: -180150.6563
----------------------
859 step (unit is kJ/mol): 
Kinetic Energy: 2.487238568 Potential Energy: -180153.1368 Total Energy: -180150.6495
----------------------
860 step (unit is kJ/mol): 
Kinetic Energy: 2.425384879 Potential Energy: -180153.1058 Total Energy: -180150.6805
----------------------
861 step (unit is kJ/mol): 
Kinetic Energy: 2.291864379 Potential Energy: -180153.8972 Total Energy: -180151.6053
----------------------
862 step (unit is kJ/mol): 
Kinetic Energy: 2.170318283 Potential Energy: -180153.7721 Total Energy: -180151.6017
----------------------
863 step (unit is kJ/mol): 
Kinetic Energy: 2.063188114 Potential Energy: -180153.6557 Total Energy: -180151.5926
----------------------
864 step (unit is kJ/mol): 
Kinetic Energy: 1.972700397 Potential Energy: -180153.5556 Total Energy: -180151.5829
----------------------
865 step (unit is kJ/mol): 
Kinetic Energy: 1.900730156 Potential Energy: -180153.4747 Total Energy: -180151.5739
----------------------
866 step (unit is kJ/mol): 
Kinetic Energy: 1.778560077 Potential Energy: -180153.4018 Total Energy: -180151.6232
----------------------
867 step (unit is kJ/mol): 
Kinetic Energy: 1.678726866 Potential Energy: -180153.2891 Total Energy: -180151.6104
----------------------
868 step (unit is kJ/mol): 
Kinetic Energy: 1.603327567 Potential Energy: -180153.2001 Total Energy: -180151.5967
----------------------
869 step (unit is kJ/mol): 
Kinetic Energy: 1.553940437 Potential Energy: -180153.1404 Total Energy: -180151.5865
----------------------
870 step (unit is kJ/mol): 
Kinetic Energy: 1.53158164 Potential Energy: -180153.1036 Total Energy: -180151.5721
----------------------
871 step (unit is kJ/mol): 
Kinetic Energy: 1.536679609 Potential Energy: -180153.0955 Total Energy: -180151.5589
----------------------
872 step (unit is kJ/mol): 
Kinetic Energy: 1.569020207 Potential Energy: -180153.1139 Total Energy: -180151.5449
----------------------
873 step (unit is kJ/mol): 
Kinetic Energy: 1.627820048 Potential Energy: -180153.1596 Total Energy: -180151.5318
----------------------
874 step (unit is kJ/mol): 
Kinetic Energy: 1.711703945 Potential Energy: -180153.2325 Total Energy: -180151.5208
----------------------
875 step (unit is kJ/mol): 
Kinetic Energy: 1.71052551 Potential Energy: -180153.3171 Total Energy: -180151.6066
----------------------
876 step (unit is kJ/mol): 
Kinetic Energy: 1.730626889 Potential Energy: -180153.3252 Total Energy: -180151.5946
----------------------
877 step (unit is kJ/mol): 
Kinetic Energy: 1.771562187 Potential Energy: -180153.3547 Total Energy: -180151.5831
----------------------
878 step (unit is kJ/mol): 
Kinetic Energy: 1.832535133 Potential Energy: -180153.4047 Total Energy: -180151.5722
----------------------
879 step (unit is kJ/mol): 
Kinetic Energy: 1.912424693 Potential Energy: -180153.4783 Total Energy: -180151.5659
----------------------
880 step (unit is kJ/mol): 
Kinetic Energy: 2.009753901 Potential Energy: -180153.5667 Total Energy: -180151.5569
----------------------
881 step (unit is kJ/mol): 
Kinetic Energy: 2.12273159 Potential Energy: -180153.6727 Total Energy: -180151.5499
----------------------
882 step (unit is kJ/mol): 
Kinetic Energy: 2.249341216 Potential Energy: -180153.7949 Total Energy: -180151.5455
----------------------
883 step (unit is kJ/mol): 
Kinetic Energy: 2.304882004 Potential Energy: -180153.8663 Total Energy: -180151.5614
----------------------
884 step (unit is kJ/mol): 
Kinetic Energy: 2.371678682 Potential Energy: -180153.9266 Total Energy: -180151.555
----------------------
885 step (unit is kJ/mol): 
Kinetic Energy: 2.448656244 Potential Energy: -180153.9966 Total Energy: -180151.5479
----------------------
886 step (unit is kJ/mol): 
Kinetic Energy: 2.38633982 Potential Energy: -180153.0815 Total Energy: -180150.6952
----------------------
887 step (unit is kJ/mol): 
Kinetic Energy: 2.334551879 Potential Energy: -180153.0256 Total Energy: -180150.6911
----------------------
888 step (unit is kJ/mol): 
Kinetic Energy: 2.294467699 Potential Energy: -180152.9785 Total Energy: -180150.684
----------------------
889 step (unit is kJ/mol): 
Kinetic Energy: 2.267013247 Potential Energy: -180152.9446 Total Energy: -180150.6776
----------------------
890 step (unit is kJ/mol): 
Kinetic Energy: 2.252775891 Potential Energy: -180152.9203 Total Energy: -180150.6676
----------------------
891 step (unit is kJ/mol): 
Kinetic Energy: 2.2519828 Potential Energy: -180152.9174 Total Energy: -180150.6654
----------------------
892 step (unit is kJ/mol): 
Kinetic Energy: 2.264508558 Potential Energy: -180152.9218 Total Energy: -180150.6573
----------------------
893 step (unit is kJ/mol): 
Kinetic Energy: 2.289894268 Potential Energy: -180152.9402 Total Energy: -180150.6503
----------------------
894 step (unit is kJ/mol): 
Kinetic Energy: 2.327361329 Potential Energy: -180152.9719 Total Energy: -180150.6445
----------------------
895 step (unit is kJ/mol): 
Kinetic Energy: 2.375842245 Potential Energy: -180153.0138 Total Energy: -180150.638
----------------------
896 step (unit is kJ/mol): 
Kinetic Energy: 2.434045638 Potential Energy: -180153.0705 Total Energy: -180150.6365
----------------------
897 step (unit is kJ/mol): 
Kinetic Energy: 2.500461419 Potential Energy: -180153.1323 Total Energy: -180150.6319
----------------------
898 step (unit is kJ/mol): 
Kinetic Energy: 2.573451813 Potential Energy: -180153.2015 Total Energy: -180150.6281
----------------------
899 step (unit is kJ/mol): 
Kinetic Energy: 2.651273315 Potential Energy: -180153.2774 Total Energy: -180150.6261
----------------------
900 step (unit is kJ/mol): 
Kinetic Energy: 2.73212586 Potential Energy: -180153.3591 Total Energy: -180150.6269
----------------------
901 step (unit is kJ/mol): 
Kinetic Energy: 2.814221413 Potential Energy: -180153.4386 Total Energy: -180150.6244
----------------------
902 step (unit is kJ/mol): 
Kinetic Energy: 2.793275083 Potential Energy: -180153.4504 Total Energy: -180150.6571
----------------------
903 step (unit is kJ/mol): 
Kinetic Energy: 2.774137699 Potential Energy: -180153.4305 Total Energy: -180150.6563
----------------------
904 step (unit is kJ/mol): 
Kinetic Energy: 2.757173787 Potential Energy: -180153.4121 Total Energy: -180150.6549
----------------------
905 step (unit is kJ/mol): 
Kinetic Energy: 2.742751235 Potential Energy: -180153.3959 Total Energy: -180150.6531
----------------------
906 step (unit is kJ/mol): 
Kinetic Energy: 2.676206737 Potential Energy: -180153.3767 Total Energy: -180150.7005
----------------------
907 step (unit is kJ/mol): 
Kinetic Energy: 2.537677996 Potential Energy: -180153.2891 Total Energy: -180150.7515
----------------------
908 step (unit is kJ/mol): 
Kinetic Energy: 2.405573065 Potential Energy: -180153.1574 Total Energy: -180150.7518
----------------------
909 step (unit is kJ/mol): 
Kinetic Energy: 2.281990697 Potential Energy: -180153.0263 Total Energy: -180150.7443
----------------------
910 step (unit is kJ/mol): 
Kinetic Energy: 2.168898142 Potential Energy: -180152.9086 Total Energy: -180150.7397
----------------------
911 step (unit is kJ/mol): 
Kinetic Energy: 2.068035569 Potential Energy: -180152.8033 Total Energy: -180150.7353
----------------------
912 step (unit is kJ/mol): 
Kinetic Energy: 1.980954356 Potential Energy: -180152.7054 Total Energy: -180150.7244
----------------------
913 step (unit is kJ/mol): 
Kinetic Energy: 1.908933239 Potential Energy: -180152.6296 Total Energy: -180150.7206
----------------------
914 step (unit is kJ/mol): 
Kinetic Energy: 1.77296739 Potential Energy: -180153.429 Total Energy: -180151.656
----------------------
915 step (unit is kJ/mol): 
Kinetic Energy: 1.656579335 Potential Energy: -180153.3039 Total Energy: -180151.6473
----------------------
916 step (unit is kJ/mol): 
Kinetic Energy: 1.561589899 Potential Energy: -180153.1979 Total Energy: -180151.6363
----------------------
917 step (unit is kJ/mol): 
Kinetic Energy: 1.489488126 Potential Energy: -180153.1139 Total Energy: -180151.6245
----------------------
918 step (unit is kJ/mol): 
Kinetic Energy: 1.44140451 Potential Energy: -180153.0521 Total Energy: -180151.6107
----------------------
919 step (unit is kJ/mol): 
Kinetic Energy: 1.418081249 Potential Energy: -180153.0182 Total Energy: -180151.6002
----------------------
920 step (unit is kJ/mol): 
Kinetic Energy: 1.419883286 Potential Energy: -180153.005 Total Energy: -180151.5851
----------------------
921 step (unit is kJ/mol): 
Kinetic Energy: 1.446774051 Potential Energy: -180153.0234 Total Energy: -180151.5766
----------------------
922 step (unit is kJ/mol): 
Kinetic Energy: 1.498338208 Potential Energy: -180153.0587 Total Energy: -180151.5604
----------------------
923 step (unit is kJ/mol): 
Kinetic Energy: 1.573772328 Potential Energy: -180153.1235 Total Energy: -180151.5497
----------------------
924 step (unit is kJ/mol): 
Kinetic Energy: 1.671902663 Potential Energy: -180153.2104 Total Energy: -180151.5385
----------------------
925 step (unit is kJ/mol): 
Kinetic Energy: 1.791191843 Potential Energy: -180153.3208 Total Energy: -180151.5296
----------------------
926 step (unit is kJ/mol): 
Kinetic Energy: 1.875669467 Potential Energy: -180153.415 Total Energy: -180151.5394
----------------------
927 step (unit is kJ/mol): 
Kinetic Energy: 1.978064166 Potential Energy: -180153.5085 Total Energy: -180151.5304
----------------------
928 step (unit is kJ/mol): 
Kinetic Energy: 2.002080832 Potential Energy: -180153.5718 Total Energy: -180151.5697
----------------------
929 step (unit is kJ/mol): 
Kinetic Energy: 2.041476108 Potential Energy: -180153.6005 Total Energy: -180151.5591
----------------------
930 step (unit is kJ/mol): 
Kinetic Energy: 2.095629627 Potential Energy: -180153.6513 Total Energy: -180151.5557
----------------------
931 step (unit is kJ/mol): 
Kinetic Energy: 2.163690988 Potential Energy: -180153.7102 Total Energy: -180151.5465
----------------------
932 step (unit is kJ/mol): 
Kinetic Energy: 2.167513823 Potential Energy: -180153.7419 Total Energy: -180151.5744
----------------------
933 step (unit is kJ/mol): 
Kinetic Energy: 2.183859821 Potential Energy: -180153.7529 Total Energy: -180151.5691
----------------------
934 step (unit is kJ/mol): 
Kinetic Energy: 2.212513425 Potential Energy: -180153.7743 Total Energy: -180151.5617
----------------------
935 step (unit is kJ/mol): 
Kinetic Energy: 2.253102009 Potential Energy: -180153.8096 Total Energy: -180151.5565
----------------------
936 step (unit is kJ/mol): 
Kinetic Energy: 2.305065499 Potential Energy: -180153.8552 Total Energy: -180151.5502
----------------------
937 step (unit is kJ/mol): 
Kinetic Energy: 2.367671525 Potential Energy: -180153.9141 Total Energy: -180151.5465
----------------------
938 step (unit is kJ/mol): 
Kinetic Energy: 2.440006704 Potential Energy: -180153.9811 Total Energy: -180151.5411
----------------------
939 step (unit is kJ/mol): 
Kinetic Energy: 2.521004606 Potential Energy: -180154.0599 Total Energy: -180151.5389
----------------------
940 step (unit is kJ/mol): 
Kinetic Energy: 2.609452614 Potential Energy: -180154.1438 Total Energy: -180151.5344
----------------------
941 step (unit is kJ/mol): 
Kinetic Energy: 2.618210044 Potential Energy: -180153.2045 Total Energy: -180150.5863
----------------------
942 step (unit is kJ/mol): 
Kinetic Energy: 2.632640966 Potential Energy: -180153.2155 Total Energy: -180150.5829
----------------------
943 step (unit is kJ/mol): 
Kinetic Energy: 2.652745188 Potential Energy: -180153.2325 Total Energy: -180150.5797
----------------------
944 step (unit is kJ/mol): 
Kinetic Energy: 2.678459688 Potential Energy: -180153.256 Total Energy: -180150.5776
----------------------
945 step (unit is kJ/mol): 
Kinetic Energy: 2.651909559 Potential Energy: -180153.2678 Total Energy: -180150.6159
----------------------
946 step (unit is kJ/mol): 
Kinetic Energy: 2.631326079 Potential Energy: -180153.2435 Total Energy: -180150.6122
----------------------
947 step (unit is kJ/mol): 
Kinetic Energy: 2.617514021 Potential Energy: -180153.2251 Total Energy: -180150.6076
----------------------
948 step (unit is kJ/mol): 
Kinetic Energy: 2.611215291 Potential Energy: -180153.2163 Total Energy: -180150.605
----------------------
949 step (unit is kJ/mol): 
Kinetic Energy: 2.613009957 Potential Energy: -180153.2118 Total Energy: -180150.5988
----------------------
950 step (unit is kJ/mol): 
Kinetic Energy: 2.623311605 Potential Energy: -180153.2207 Total Energy: -180150.5974
----------------------
951 step (unit is kJ/mol): 
Kinetic Energy: 2.642356595 Potential Energy: -180153.2325 Total Energy: -180150.5901
----------------------
952 step (unit is kJ/mol): 
Kinetic Energy: 2.670170246 Potential Energy: -180153.2597 Total Energy: -180150.5895
----------------------
953 step (unit is kJ/mol): 
Kinetic Energy: 2.70655186 Potential Energy: -180153.2906 Total Energy: -180150.5841
----------------------
954 step (unit is kJ/mol): 
Kinetic Energy: 2.751065961 Potential Energy: -180153.3304 Total Energy: -180150.5793
----------------------
955 step (unit is kJ/mol): 
Kinetic Energy: 2.803070141 Potential Energy: -180153.3782 Total Energy: -180150.5751
----------------------
956 step (unit is kJ/mol): 
Kinetic Energy: 2.775146009 Potential Energy: -180153.3576 Total Energy: -180150.5825
----------------------
957 step (unit is kJ/mol): 
Kinetic Energy: 2.754725008 Potential Energy: -180153.3318 Total Energy: -180150.5771
----------------------
958 step (unit is kJ/mol): 
Kinetic Energy: 2.640781059 Potential Energy: -180153.231 Total Energy: -180150.5902
----------------------
959 step (unit is kJ/mol): 
Kinetic Energy: 2.537822142 Potential Energy: -180153.122 Total Energy: -180150.5842
----------------------
960 step (unit is kJ/mol): 
Kinetic Energy: 2.447863648 Potential Energy: -180153.0256 Total Energy: -180150.5777
----------------------
961 step (unit is kJ/mol): 
Kinetic Energy: 2.372697574 Potential Energy: -180152.9424 Total Energy: -180150.5697
----------------------
962 step (unit is kJ/mol): 
Kinetic Energy: 2.313803037 Potential Energy: -180152.8732 Total Energy: -180150.5594
----------------------
963 step (unit is kJ/mol): 
Kinetic Energy: 2.214872474 Potential Energy: -180152.8136 Total Energy: -180150.5987
----------------------
964 step (unit is kJ/mol): 
Kinetic Energy: 2.135220073 Potential Energy: -180152.726 Total Energy: -180150.5908
----------------------
965 step (unit is kJ/mol): 
Kinetic Energy: 2.076461675 Potential Energy: -180152.6568 Total Energy: -180150.5803
----------------------
966 step (unit is kJ/mol): 
Kinetic Energy: 2.039810015 Potential Energy: -180152.6053 Total Energy: -180150.5655
----------------------
967 step (unit is kJ/mol): 
Kinetic Energy: 2.026009652 Potential Energy: -180152.5832 Total Energy: -180150.5572
----------------------
968 step (unit is kJ/mol): 
Kinetic Energy: 2.035322672 Potential Energy: -180152.578 Total Energy: -180150.5427
----------------------
969 step (unit is kJ/mol): 
Kinetic Energy: 1.974302034 Potential Energy: -180153.5048 Total Energy: -180151.5305
----------------------
970 step (unit is kJ/mol): 
Kinetic Energy: 1.937932386 Potential Energy: -180153.4585 Total Energy: -180151.5205
----------------------
971 step (unit is kJ/mol): 
Kinetic Energy: 1.926963898 Potential Energy: -180153.4349 Total Energy: -180151.5079
----------------------
972 step (unit is kJ/mol): 
Kinetic Energy: 1.941709855 Potential Energy: -180153.4342 Total Energy: -180151.4925
----------------------
973 step (unit is kJ/mol): 
Kinetic Energy: 1.981944452 Potential Energy: -180153.4651 Total Energy: -180151.4831
----------------------
974 step (unit is kJ/mol): 
Kinetic Energy: 2.046910852 Potential Energy: -180153.5151 Total Energy: -180151.4682
----------------------
975 step (unit is kJ/mol): 
Kinetic Energy: 2.135371954 Potential Energy: -180153.5932 Total Energy: -180151.4578
----------------------
976 step (unit is kJ/mol): 
Kinetic Energy: 2.24560674 Potential Energy: -180153.6911 Total Energy: -180151.4455
----------------------
977 step (unit is kJ/mol): 
Kinetic Energy: 2.37545908 Potential Energy: -180153.8125 Total Energy: -180151.4371
----------------------
978 step (unit is kJ/mol): 
Kinetic Energy: 2.522408804 Potential Energy: -180153.9517 Total Energy: -180151.4293
----------------------
979 step (unit is kJ/mol): 
Kinetic Energy: 2.598667142 Potential Energy: -180154.0857 Total Energy: -180151.487
----------------------
980 step (unit is kJ/mol): 
Kinetic Energy: 2.688040248 Potential Energy: -180154.1703 Total Energy: -180151.4823
----------------------
981 step (unit is kJ/mol): 
Kinetic Energy: 2.733747536 Potential Energy: -180154.2174 Total Energy: -180151.4837
----------------------
982 step (unit is kJ/mol): 
Kinetic Energy: 2.790588466 Potential Energy: -180154.2667 Total Energy: -180151.4762
----------------------
983 step (unit is kJ/mol): 
Kinetic Energy: 2.745655017 Potential Energy: -180154.3116 Total Energy: -180151.566
----------------------
984 step (unit is kJ/mol): 
Kinetic Energy: 2.710761517 Potential Energy: -180154.2712 Total Energy: -180151.5604
----------------------
985 step (unit is kJ/mol): 
Kinetic Energy: 2.686808913 Potential Energy: -180154.2388 Total Energy: -180151.552
----------------------
986 step (unit is kJ/mol): 
Kinetic Energy: 2.67448469 Potential Energy: -180154.2233 Total Energy: -180151.5488
----------------------
987 step (unit is kJ/mol): 
Kinetic Energy: 2.674204444 Potential Energy: -180154.2159 Total Energy: -180151.5417
----------------------
988 step (unit is kJ/mol): 
Kinetic Energy: 2.686105688 Potential Energy: -180154.2204 Total Energy: -180151.5343
----------------------
989 step (unit is kJ/mol): 
Kinetic Energy: 2.710036392 Potential Energy: -180154.2402 Total Energy: -180151.5302
----------------------
990 step (unit is kJ/mol): 
Kinetic Energy: 2.745575431 Potential Energy: -180154.2697 Total Energy: -180151.5241
----------------------
991 step (unit is kJ/mol): 
Kinetic Energy: 2.792047952 Potential Energy: -180154.3087 Total Energy: -180151.5167
----------------------
992 step (unit is kJ/mol): 
Kinetic Energy: 2.848518498 Potential Energy: -180154.3639 Total Energy: -180151.5154
----------------------
993 step (unit is kJ/mol): 
Kinetic Energy: 2.913851635 Potential Energy: -180154.4235 Total Energy: -180151.5097
----------------------
994 step (unit is kJ/mol): 
Kinetic Energy: 2.986712685 Potential Energy: -180154.4935 Total Energy: -180151.5068
----------------------
995 step (unit is kJ/mol): 
Kinetic Energy: 3.065638626 Potential Energy: -180154.5693 Total Energy: -180151.5037
----------------------
996 step (unit is kJ/mol): 
Kinetic Energy: 3.057885859 Potential Energy: -180153.6256 Total Energy: -180150.5677
----------------------
997 step (unit is kJ/mol): 
Kinetic Energy: 3.054663612 Potential Energy: -180153.6219 Total Energy: -180150.5672
----------------------
998 step (unit is kJ/mol): 
Kinetic Energy: 3.055845464 Potential Energy: -180153.6197 Total Energy: -180150.5638
----------------------
999 step (unit is kJ/mol): 
Kinetic Energy: 3.061257582 Potential Energy: -180153.6226 Total Energy: -180150.5614
----------------------
1000 step (unit is kJ/mol): 
Kinetic Energy: 3.015239357 Potential Energy: -180153.5799 Total Energy: -180150.5647
----------------------
